<html>
<body>
<pre>
<h1>µVision Build Log</h1>
<h2>Project:</h2>
D:\Github\Insulator_Robot\Insulator_Robot\USER\Insulator_Robot.uvprojx
Project File Date:  04/17/2018

<h2>Output:</h2>
Rebuild target 'Insulator_Robot'
compiling misc.c...
compiling stm32f10x_dma.c...
compiling stm32f10x_gpio.c...
compiling stm32f10x_tim.c...
compiling stm32f10x_usart.c...
compiling stm32f10x_rcc.c...
compiling stm32f10x_can.c...
compiling dma.c...
compiling led.c...
compiling timer.c...
compiling can.c...
compiling pid.c...
compiling core_cm3.c...
assembling startup_stm32f10x_md.s...
compiling delay.c...
compiling sys.c...
compiling usart.c...
compiling main.c...
compiling stm32f10x_it.c...
compiling system_stm32f10x.c...
linking...
Program Size: Code=8956 RO-data=268 RW-data=92 ZI-data=2716  
".\Objects\Insulator_Robot.axf" - 0 Error(s), 0 Warning(s).
TPendingBit (referred from can.o).
.\Objects\Insulator_Robot.axf: Error: L6218E: Undefined symbol CAN_DeInit (referred from can.o).
.\Objects\Insulator_Robot.axf: Error: L6218E: Undefined symbol CAN_FIFORelease (referred from can.o).
.\Objects\Insulator_Robot.axf: Error: L6218E: Undefined symbol CAN_FilterInit (referred from can.o).
.\Objects\Insulator_Robot.axf: Error: L6218E: Undefined symbol CAN_GetITStatus (referred from can.o).
.\Objects\Insulator_Robot.axf: Error: L6218E: Undefined symbol CAN_ITConfig (referred from can.o).
.\Objects\Insulator_Robot.axf: Error: L6218E: Undefined symbol CAN_Init (referred from can.o).
.\Objects\Insulator_Robot.axf: Error: L6218E: Undefined symbol CAN_MessagePending (referred from can.o).
.\Objects\Insulator_Robot.axf: Error: L6218E: Undefined symbol CAN_Receive (referred from can.o).
.\Objects\Insulator_Robot.axf: Error: L6218E: Undefined symbol CAN_StructInit (referred from can.o).
.\Objects\Insulator_Robot.axf: Error: L6218E: Undefined symbol CAN_Transmit (referred from can.o).
.\Objects\Insulator_Robot.axf: Error: L6218E: Undefined symbol PID_struct_init (referred from main.o).
.\Objects\Insulator_Robot.axf: Error: L6218E: Undefined symbol pid_calc (referred from main.o).
.\Objects\Insulator_Robot.axf: Error: L6218E: Undefined symbol pid_pos (referred from main.o).
.\Objects\Insulator_Robot.axf: Error: L6218E: Undefined symbol pid_spd (referred from main.o).
Not enough information to list image symbols.
Finished: 1 information, 0 warning and 16 error messages.
".\Objects\Insulator_Robot.axf" - 16 Error(s), 0 Warning(s).
Target not created
