Component: ARM Compiler 5.05 update 1 (build 106) Tool: armlink [4d0efa]

==============================================================================

Section Cross References

    stm32f10x_gpio.o(i.GPIO_AFIODeInit) refers to stm32f10x_rcc.o(i.RCC_APB2PeriphResetCmd) for RCC_APB2PeriphResetCmd
    stm32f10x_gpio.o(i.GPIO_DeInit) refers to stm32f10x_rcc.o(i.RCC_APB2PeriphResetCmd) for RCC_APB2PeriphResetCmd
    stm32f10x_tim.o(i.TIM_DeInit) refers to stm32f10x_rcc.o(i.RCC_APB2PeriphResetCmd) for RCC_APB2PeriphResetCmd
    stm32f10x_tim.o(i.TIM_DeInit) refers to stm32f10x_rcc.o(i.RCC_APB1PeriphResetCmd) for RCC_APB1PeriphResetCmd
    stm32f10x_tim.o(i.TIM_ETRClockMode1Config) refers to stm32f10x_tim.o(i.TIM_ETRConfig) for TIM_ETRConfig
    stm32f10x_tim.o(i.TIM_ETRClockMode2Config) refers to stm32f10x_tim.o(i.TIM_ETRConfig) for TIM_ETRConfig
    stm32f10x_tim.o(i.TIM_ICInit) refers to stm32f10x_tim.o(i.TI1_Config) for TI1_Config
    stm32f10x_tim.o(i.TIM_ICInit) refers to stm32f10x_tim.o(i.TIM_SetIC1Prescaler) for TIM_SetIC1Prescaler
    stm32f10x_tim.o(i.TIM_ICInit) refers to stm32f10x_tim.o(i.TI2_Config) for TI2_Config
    stm32f10x_tim.o(i.TIM_ICInit) refers to stm32f10x_tim.o(i.TIM_SetIC2Prescaler) for TIM_SetIC2Prescaler
    stm32f10x_tim.o(i.TIM_ICInit) refers to stm32f10x_tim.o(i.TI3_Config) for TI3_Config
    stm32f10x_tim.o(i.TIM_ICInit) refers to stm32f10x_tim.o(i.TIM_SetIC3Prescaler) for TIM_SetIC3Prescaler
    stm32f10x_tim.o(i.TIM_ICInit) refers to stm32f10x_tim.o(i.TI4_Config) for TI4_Config
    stm32f10x_tim.o(i.TIM_ICInit) refers to stm32f10x_tim.o(i.TIM_SetIC4Prescaler) for TIM_SetIC4Prescaler
    stm32f10x_tim.o(i.TIM_ITRxExternalClockConfig) refers to stm32f10x_tim.o(i.TIM_SelectInputTrigger) for TIM_SelectInputTrigger
    stm32f10x_tim.o(i.TIM_PWMIConfig) refers to stm32f10x_tim.o(i.TI1_Config) for TI1_Config
    stm32f10x_tim.o(i.TIM_PWMIConfig) refers to stm32f10x_tim.o(i.TIM_SetIC1Prescaler) for TIM_SetIC1Prescaler
    stm32f10x_tim.o(i.TIM_PWMIConfig) refers to stm32f10x_tim.o(i.TI2_Config) for TI2_Config
    stm32f10x_tim.o(i.TIM_PWMIConfig) refers to stm32f10x_tim.o(i.TIM_SetIC2Prescaler) for TIM_SetIC2Prescaler
    stm32f10x_tim.o(i.TIM_TIxExternalClockConfig) refers to stm32f10x_tim.o(i.TI2_Config) for TI2_Config
    stm32f10x_tim.o(i.TIM_TIxExternalClockConfig) refers to stm32f10x_tim.o(i.TI1_Config) for TI1_Config
    stm32f10x_tim.o(i.TIM_TIxExternalClockConfig) refers to stm32f10x_tim.o(i.TIM_SelectInputTrigger) for TIM_SelectInputTrigger
    stm32f10x_usart.o(i.USART_DeInit) refers to stm32f10x_rcc.o(i.RCC_APB2PeriphResetCmd) for RCC_APB2PeriphResetCmd
    stm32f10x_usart.o(i.USART_DeInit) refers to stm32f10x_rcc.o(i.RCC_APB1PeriphResetCmd) for RCC_APB1PeriphResetCmd
    stm32f10x_usart.o(i.USART_Init) refers to stm32f10x_rcc.o(i.RCC_GetClocksFreq) for RCC_GetClocksFreq
    stm32f10x_rcc.o(i.RCC_GetClocksFreq) refers to stm32f10x_rcc.o(.data) for APBAHBPrescTable
    stm32f10x_rcc.o(i.RCC_WaitForHSEStartUp) refers to stm32f10x_rcc.o(i.RCC_GetFlagStatus) for RCC_GetFlagStatus
    stm32f10x_can.o(i.CAN_DeInit) refers to stm32f10x_rcc.o(i.RCC_APB1PeriphResetCmd) for RCC_APB1PeriphResetCmd
    stm32f10x_can.o(i.CAN_GetITStatus) refers to stm32f10x_can.o(i.CheckITStatus) for CheckITStatus
    dma.o(i.USART1_DMA_RX) refers to stm32f10x_rcc.o(i.RCC_AHBPeriphClockCmd) for RCC_AHBPeriphClockCmd
    dma.o(i.USART1_DMA_RX) refers to stm32f10x_dma.o(i.DMA_DeInit) for DMA_DeInit
    dma.o(i.USART1_DMA_RX) refers to stm32f10x_dma.o(i.DMA_Init) for DMA_Init
    dma.o(i.USART1_DMA_RX) refers to stm32f10x_dma.o(i.DMA_Cmd) for DMA_Cmd
    dma.o(i.USART1_DMA_RX) refers to stm32f10x_usart.o(i.USART_DMACmd) for USART_DMACmd
    dma.o(i.USART1_DMA_RX) refers to usart.o(.bss) for Uart1_RX
    led.o(i.LED_Init) refers to stm32f10x_rcc.o(i.RCC_APB2PeriphClockCmd) for RCC_APB2PeriphClockCmd
    led.o(i.LED_Init) refers to stm32f10x_gpio.o(i.GPIO_Init) for GPIO_Init
    led.o(i.LED_Init) refers to stm32f10x_gpio.o(i.GPIO_SetBits) for GPIO_SetBits
    led.o(i.LED_Init) refers to stm32f10x_gpio.o(i.GPIO_ResetBits) for GPIO_ResetBits
    timer.o(i.TIM2_PWM_Init) refers to stm32f10x_rcc.o(i.RCC_APB1PeriphClockCmd) for RCC_APB1PeriphClockCmd
    timer.o(i.TIM2_PWM_Init) refers to stm32f10x_rcc.o(i.RCC_APB2PeriphClockCmd) for RCC_APB2PeriphClockCmd
    timer.o(i.TIM2_PWM_Init) refers to stm32f10x_gpio.o(i.GPIO_Init) for GPIO_Init
    timer.o(i.TIM2_PWM_Init) refers to stm32f10x_tim.o(i.TIM_TimeBaseInit) for TIM_TimeBaseInit
    timer.o(i.TIM2_PWM_Init) refers to stm32f10x_tim.o(i.TIM_OC2Init) for TIM_OC2Init
    timer.o(i.TIM2_PWM_Init) refers to stm32f10x_tim.o(i.TIM_OC3Init) for TIM_OC3Init
    timer.o(i.TIM2_PWM_Init) refers to stm32f10x_tim.o(i.TIM_OC4Init) for TIM_OC4Init
    timer.o(i.TIM2_PWM_Init) refers to stm32f10x_tim.o(i.TIM_CtrlPWMOutputs) for TIM_CtrlPWMOutputs
    timer.o(i.TIM2_PWM_Init) refers to stm32f10x_tim.o(i.TIM_ARRPreloadConfig) for TIM_ARRPreloadConfig
[...]
    libinit.o(.ARM.Collect$$libinit$$00000000) refers (Special) to libinit2.o(.ARM.Collect$$libinit$$00000021) for __rt_lib_init_clock_1
    libinit.o(.ARM.Collect$$libinit$$00000000) refers (Special) to libinit2.o(.ARM.Collect$$libinit$$00000032) for __rt_lib_init_cpp_1
    libinit.o(.ARM.Collect$$libinit$$00000000) refers (Special) to libinit2.o(.ARM.Collect$$libinit$$00000030) for __rt_lib_init_exceptions_1
    libinit.o(.ARM.Collect$$libinit$$00000000) refers (Special) to libinit2.o(.ARM.Collect$$libinit$$00000002) for __rt_lib_init_fp_1
    libinit.o(.ARM.Collect$$libinit$$00000000) refers (Special) to libinit2.o(.ARM.Collect$$libinit$$0000001F) for __rt_lib_init_fp_trap_1
    libinit.o(.ARM.Collect$$libinit$$00000000) refers (Special) to libinit2.o(.ARM.Collect$$libinit$$00000023) for __rt_lib_init_getenv_1
    libinit.o(.ARM.Collect$$libinit$$00000000) refers (Special) to libinit2.o(.ARM.Collect$$libinit$$0000000A) for __rt_lib_init_heap_1
    libinit.o(.ARM.Collect$$libinit$$00000000) refers (Special) to libinit2.o(.ARM.Collect$$libinit$$00000011) for __rt_lib_init_lc_collate_1
    libinit.o(.ARM.Collect$$libinit$$00000000) refers (Special) to libinit2.o(.ARM.Collect$$libinit$$00000013) for __rt_lib_init_lc_ctype_1
    libinit.o(.ARM.Collect$$libinit$$00000000) refers (Special) to libinit2.o(.ARM.Collect$$libinit$$00000015) for __rt_lib_init_lc_monetary_1
    libinit.o(.ARM.Collect$$libinit$$00000000) refers (Special) to libinit2.o(.ARM.Collect$$libinit$$00000017) for __rt_lib_init_lc_numeric_1
    libinit.o(.ARM.Collect$$libinit$$00000000) refers (Special) to libinit2.o(.ARM.Collect$$libinit$$00000019) for __rt_lib_init_lc_time_1
    libinit.o(.ARM.Collect$$libinit$$00000000) refers (Special) to libinit2.o(.ARM.Collect$$libinit$$00000004) for __rt_lib_init_preinit_1
    libinit.o(.ARM.Collect$$libinit$$00000000) refers (Special) to libinit2.o(.ARM.Collect$$libinit$$0000000E) for __rt_lib_init_rand_1
    libinit.o(.ARM.Collect$$libinit$$00000000) refers (Special) to libinit2.o(.ARM.Collect$$libinit$$00000033) for __rt_lib_init_return
    libinit.o(.ARM.Collect$$libinit$$00000000) refers (Special) to libinit2.o(.ARM.Collect$$libinit$$0000001D) for __rt_lib_init_signal_1
    libinit.o(.ARM.Collect$$libinit$$00000000) refers (Special) to libinit2.o(.ARM.Collect$$libinit$$00000025) for __rt_lib_init_stdio_1
    libinit.o(.ARM.Collect$$libinit$$00000000) refers (Special) to libinit2.o(.ARM.Collect$$libinit$$0000000C) for __rt_lib_init_user_alloc_1
    libspace.o(.text) refers to libspace.o(.bss) for __libspace_start
    rtexit.o(.ARM.Collect$$rtexit$$00000000) refers (Special) to rtexit2.o(.ARM.Collect$$rtexit$$00000004) for __rt_exit_exit
    rtexit.o(.ARM.Collect$$rtexit$$00000000) refers (Special) to rtexit2.o(.ARM.Collect$$rtexit$$00000003) for __rt_exit_ls
    rtexit.o(.ARM.Collect$$rtexit$$00000000) refers (Special) to rtexit2.o(.ARM.Collect$$rtexit$$00000002) for __rt_exit_prels_1
    rtexit.o(.ARM.exidx) refers (Special) to rtexit2.o(.ARM.Collect$$rtexit$$00000004) for __rt_exit_exit
    rtexit.o(.ARM.exidx) refers (Special) to rtexit2.o(.ARM.Collect$$rtexit$$00000003) for __rt_exit_ls
    rtexit.o(.ARM.exidx) refers (Special) to rtexit2.o(.ARM.Collect$$rtexit$$00000002) for __rt_exit_prels_1
    rtexit.o(.ARM.exidx) refers to rtexit.o(.ARM.Collect$$rtexit$$00000000) for .ARM.Collect$$rtexit$$00000000
    libinit2.o(.ARM.Collect$$libinit$$00000010) refers to libinit2.o(.ARM.Collect$$libinit$$0000000F) for .ARM.Collect$$libinit$$0000000F
    libinit2.o(.ARM.Collect$$libinit$$00000012) refers to libinit2.o(.ARM.Collect$$libinit$$0000000F) for .ARM.Collect$$libinit$$0000000F
    libinit2.o(.ARM.Collect$$libinit$$00000014) refers to libinit2.o(.ARM.Collect$$libinit$$0000000F) for .ARM.Collect$$libinit$$0000000F
    libinit2.o(.ARM.Collect$$libinit$$00000016) refers to libinit2.o(.ARM.Collect$$libinit$$0000000F) for .ARM.Collect$$libinit$$0000000F
    libinit2.o(.ARM.Collect$$libinit$$00000018) refers to libinit2.o(.ARM.Collect$$libinit$$0000000F) for .ARM.Collect$$libinit$$0000000F
    libinit2.o(.ARM.Collect$$libinit$$00000026) refers to argv_veneer.o(.emb_text) for __ARM_argv_veneer
    libinit2.o(.ARM.Collect$$libinit$$00000027) refers to argv_veneer.o(.emb_text) for __ARM_argv_veneer
    rtexit2.o(.ARM.Collect$$rtexit$$00000003) refers to libshutdown.o(.ARM.Collect$$libshutdown$$00000000) for __rt_lib_shutdown
    rtexit2.o(.ARM.Collect$$rtexit$$00000004) refers to sys_exit.o(.text) for _sys_exit
    rtexit2.o(.ARM.exidx) refers to rtexit2.o(.ARM.Collect$$rtexit$$00000001) for .ARM.Collect$$rtexit$$00000001
    rtexit2.o(.ARM.exidx) refers to rtexit2.o(.ARM.Collect$$rtexit$$00000003) for .ARM.Collect$$rtexit$$00000003
    rtexit2.o(.ARM.exidx) refers to rtexit2.o(.ARM.Collect$$rtexit$$00000004) for .ARM.Collect$$rtexit$$00000004
    argv_veneer.o(.emb_text) refers to no_argv.o(.text) for __ARM_get_argv
    sys_exit.o(.text) refers (Special) to use_no_semi.o(.text) for __I$use$semihosting
    sys_exit.o(.text) refers (Special) to indicate_semi.o(.text) for __semihosting_library_function
    _get_argv_nomalloc.o(.text) refers (Special) to hrguard.o(.text) for __heap_region$guard
    _get_argv_nomalloc.o(.text) refers to defsig_rtmem_outer.o(.text) for __rt_SIGRTMEM
    _get_argv_nomalloc.o(.text) refers to sys_command.o(.text) for _sys_command_string
    libshutdown.o(.ARM.Collect$$libshutdown$$00000000) refers (Special) to libshutdown2.o(.ARM.Collect$$libshutdown$$00000006) for __rt_lib_shutdown_fp_trap_1
    libshutdown.o(.ARM.Collect$$libshutdown$$00000000) refers (Special) to libshutdown2.o(.ARM.Collect$$libshutdown$$0000000E) for __rt_lib_shutdown_heap_1
    libshutdown.o(.ARM.Collect$$libshutdown$$00000000) refers (Special) to libshutdown2.o(.ARM.Collect$$libshutdown$$0000000F) for __rt_lib_shutdown_return
    libshutdown.o(.ARM.Collect$$libshutdown$$00000000) refers (Special) to libshutdown2.o(.ARM.Collect$$libshutdown$$00000009) for __rt_lib_shutdown_signal_1
    libshutdown.o(.ARM.Collect$$libshutdown$$00000000) refers (Special) to libshutdown2.o(.ARM.Collect$$libshutdown$$00000003) for __rt_lib_shutdown_stdio_1
    libshutdown.o(.ARM.Collect$$libshutdown$$00000000) refers (Special) to libshutdown2.o(.ARM.Collect$$libshutdown$$0000000B) for __rt_lib_shutdown_user_alloc_1
    sys_command.o(.text) refers (Special) to use_no_semi.o(.text) for __I$use$semihosting
    sys_command.o(.text) refers (Special) to indicate_semi.o(.text) for __semihosting_library_function
    defsig_rtmem_outer.o(.text) refers to defsig_rtmem_inner.o(.text) for __rt_SIGRTMEM_inner
    defsig_rtmem_outer.o(.text) refers to defsig_exit.o(.text) for __sig_exit
    defsig_rtmem_formal.o(.text) refers to rt_raise.o(.text) for __rt_raise
    rt_raise.o(.text) refers to __raise.o(.text) for __raise
    rt_raise.o(.text) refers to sys_exit.o(.text) for _sys_exit
    defsig_exit.o(.text) refers to sys_exit.o(.text) for _sys_exit
    defsig_rtmem_inner.o(.text) refers to defsig_general.o(.text) for __default_signal_display
    __raise.o(.text) refers to defsig.o(CL$$defsig) for __default_signal_handler
    defsig_general.o(.text) refers to sys_wrch.o(.text) for _ttywrch
    sys_wrch.o(.text) refers (Special) to use_no_semi.o(.text) for __I$use$semihosting
    sys_wrch.o(.text) refers (Special) to indicate_semi.o(.text) for __semihosting_library_function
    defsig.o(CL$$defsig) refers to defsig_rtmem_inner.o(.text) for __rt_SIGRTMEM_inner
    defsig_abrt_inner.o(.text) refers to defsig_general.o(.text) for __default_signal_display
    defsig_fpe_inner.o(.text) refers to defsig_general.o(.text) for __default_signal_display
    defsig_rtred_inner.o(.text) refers to defsig_general.o(.text) for __default_signal_display
    defsig_stak_inner.o(.text) refers to defsig_general.o(.text) for __default_signal_display
    defsig_pvfn_inner.o(.text) refers to defsig_general.o(.text) for __default_signal_display
    defsig_cppl_inner.o(.text) refers to defsig_general.o(.text) for __default_signal_display
    defsig_segv_inner.o(.text) refers to defsig_general.o(.text) for __default_signal_display
    defsig_other.o(.text) refers to defsig_general.o(.text) for __default_signal_display


==============================================================================

Removing Unused input sections from the image.

    Removing misc.o(i.NVIC_SetVectorTable), (20 bytes).
    Removing misc.o(i.NVIC_SystemLPConfig), (32 bytes).
    Removing stm32f10x_dma.o(i.DMA_ClearFlag), (28 bytes).
    Removing stm32f10x_dma.o(i.DMA_ClearITPendingBit), (28 bytes).
    Removing stm32f10x_dma.o(i.DMA_GetFlagStatus), (44 bytes).
    Removing stm32f10x_dma.o(i.DMA_GetITStatus), (44 bytes).
    Removing stm32f10x_dma.o(i.DMA_ITConfig), (18 bytes).
    Removing stm32f10x_dma.o(i.DMA_StructInit), (26 bytes).
    Removing stm32f10x_gpio.o(i.GPIO_AFIODeInit), (20 bytes).
    Removing stm32f10x_gpio.o(i.GPIO_DeInit), (200 bytes).
    Removing stm32f10x_gpio.o(i.GPIO_ETH_MediaInterfaceConfig), (12 bytes).
    Removing stm32f10x_gpio.o(i.GPIO_EXTILineConfig), (64 bytes).
    Removing stm32f10x_gpio.o(i.GPIO_EventOutputCmd), (12 bytes).
    Removing stm32f10x_gpio.o(i.GPIO_EventOutputConfig), (32 bytes).
    Removing stm32f10x_gpio.o(i.GPIO_PinLockConfig), (18 bytes).
    Removing stm32f10x_gpio.o(i.GPIO_PinRemapConfig), (144 bytes).
    Removing stm32f10x_gpio.o(i.GPIO_ReadInputData), (8 bytes).
    Removing stm32f10x_gpio.o(i.GPIO_ReadInputDataBit), (18 bytes).
    Removing stm32f10x_gpio.o(i.GPIO_ReadOutputData), (8 bytes).
    Removing stm32f10x_gpio.o(i.GPIO_ReadOutputDataBit), (18 bytes).
    Removing stm32f10x_gpio.o(i.GPIO_StructInit), (16 bytes).
    Removing stm32f10x_gpio.o(i.GPIO_Write), (4 bytes).
    Removing stm32f10x_gpio.o(i.GPIO_WriteBit), (10 bytes).
    Removing stm32f10x_tim.o(i.TI1_Config), (128 bytes).
    Removing stm32f10x_tim.o(i.TI2_Config), (152 bytes).
    Removing stm32f10x_tim.o(i.TI3_Config), (144 bytes).
    Removing stm32f10x_tim.o(i.TI4_Config), (152 bytes).
    Removing stm32f10x_tim.o(i.TIM_BDTRConfig), (32 bytes).
    Removing stm32f10x_tim.o(i.TIM_BDTRStructInit), (18 bytes).
    Removing stm32f10x_tim.o(i.TIM_CCPreloadControl), (24 bytes).
    Removing stm32f10x_tim.o(i.TIM_CCxCmd), (30 bytes).
    Removing stm32f10x_tim.o(i.TIM_CCxNCmd), (30 bytes).
    Removing stm32f10x_tim.o(i.TIM_ClearFlag), (6 bytes).
    Removing stm32f10x_tim.o(i.TIM_ClearITPendingBit), (6 bytes).
    Removing stm32f10x_tim.o(i.TIM_ClearOC1Ref), (18 bytes).
    Removing stm32f10x_tim.o(i.TIM_ClearOC2Ref), (24 bytes).
    Removing stm32f10x_tim.o(i.TIM_ClearOC3Ref), (18 bytes).
    Removing stm32f10x_tim.o(i.TIM_ClearOC4Ref), (24 bytes).
    Removing stm32f10x_tim.o(i.TIM_CounterModeConfig), (18 bytes).
    Removing stm32f10x_tim.o(i.TIM_DMACmd), (18 bytes).
    Removing stm32f10x_tim.o(i.TIM_DMAConfig), (10 bytes).
    Removing stm32f10x_tim.o(i.TIM_DeInit), (488 bytes).
    Removing stm32f10x_tim.o(i.TIM_ETRClockMode1Config), (54 bytes).
    Removing stm32f10x_tim.o(i.TIM_ETRClockMode2Config), (32 bytes).
    Removing stm32f10x_tim.o(i.TIM_ETRConfig), (28 bytes).
    Removing stm32f10x_tim.o(i.TIM_EncoderInterfaceConfig), (66 bytes).
    Removing stm32f10x_tim.o(i.TIM_ForcedOC1Config), (18 bytes).
    Removing stm32f10x_tim.o(i.TIM_ForcedOC2Config), (26 bytes).
    Removing stm32f10x_tim.o(i.TIM_ForcedOC3Config), (18 bytes).
    Removing stm32f10x_tim.o(i.TIM_ForcedOC4Config), (26 bytes).
    Removing stm32f10x_tim.o(i.TIM_GenerateEvent), (4 bytes).
    Removing stm32f10x_tim.o(i.TIM_GetCapture1), (6 bytes).
    Removing stm32f10x_tim.o(i.TIM_GetCapture2), (6 bytes).
    Removing stm32f10x_tim.o(i.TIM_GetCapture3), (6 bytes).
    Removing stm32f10x_tim.o(i.TIM_GetCapture4), (8 bytes).
    Removing stm32f10x_tim.o(i.TIM_GetCounter), (6 bytes).
    Removing stm32f10x_tim.o(i.TIM_GetFlagStatus), (18 bytes).
    Removing stm32f10x_tim.o(i.TIM_GetITStatus), (34 bytes).
    Removing stm32f10x_tim.o(i.TIM_GetPrescaler), (6 bytes).
    Removing stm32f10x_tim.o(i.TIM_ICInit), (172 bytes).
    Removing stm32f10x_tim.o(i.TIM_ICStructInit), (18 bytes).
    Removing stm32f10x_tim.o(i.TIM_ITConfig), (18 bytes).
    Removing stm32f10x_tim.o(i.TIM_ITRxExternalClockConfig), (24 bytes).
    Removing stm32f10x_tim.o(i.TIM_InternalClockConfig), (12 bytes).
    Removing stm32f10x_tim.o(i.TIM_OC1FastConfig), (18 bytes).
    Removing stm32f10x_tim.o(i.TIM_OC1Init), (152 bytes).
    Removing stm32f10x_tim.o(i.TIM_OC1NPolarityConfig), (18 bytes).
    Removing stm32f10x_tim.o(i.TIM_OC1PolarityConfig), (18 bytes).
    Removing stm32f10x_tim.o(i.TIM_OC1PreloadConfig), (18 bytes).
    Removing stm32f10x_tim.o(i.TIM_OC2FastConfig), (26 bytes).
    Removing stm32f10x_tim.o(i.TIM_OC2NPolarityConfig), (26 bytes).
    Removing stm32f10x_tim.o(i.TIM_OC2PolarityConfig), (26 bytes).
    Removing stm32f10x_tim.o(i.TIM_OC2PreloadConfig), (26 bytes).
    Removing stm32f10x_tim.o(i.TIM_OC3FastConfig), (18 bytes).
    Removing stm32f10x_tim.o(i.TIM_OC3NPolarityConfig), (26 bytes).
    Removing stm32f10x_tim.o(i.TIM_OC3PolarityConfig), (26 bytes).
    Removing stm32f10x_tim.o(i.TIM_OC3PreloadConfig), (18 bytes).
    Removing stm32f10x_tim.o(i.TIM_OC4FastConfig), (26 bytes).
    Removing stm32f10x_tim.o(i.TIM_OC4PolarityConfig), (26 bytes).
    Removing stm32f10x_tim.o(i.TIM_OC4PreloadConfig), (26 bytes).
    Removing stm32f10x_tim.o(i.TIM_OCStructInit), (20 bytes).
    Removing stm32f10x_tim.o(i.TIM_PWMIConfig), (124 bytes).
    Removing stm32f10x_tim.o(i.TIM_PrescalerConfig), (6 bytes).
    Removing stm32f10x_tim.o(i.TIM_SelectCCDMA), (24 bytes).
    Removing stm32f10x_tim.o(i.TIM_SelectCOM), (24 bytes).
    Removing stm32f10x_tim.o(i.TIM_SelectHallSensor), (24 bytes).
    Removing stm32f10x_tim.o(i.TIM_SelectInputTrigger), (18 bytes).
    Removing stm32f10x_tim.o(i.TIM_SelectMasterSlaveMode), (18 bytes).
    Removing stm32f10x_tim.o(i.TIM_SelectOCxM), (82 bytes).
    Removing stm32f10x_tim.o(i.TIM_SelectOnePulseMode), (18 bytes).
    Removing stm32f10x_tim.o(i.TIM_SelectOutputTrigger), (18 bytes).
    Removing stm32f10x_tim.o(i.TIM_SelectSlaveMode), (18 bytes).
    Removing stm32f10x_tim.o(i.TIM_SetAutoreload), (4 bytes).
    Removing stm32f10x_tim.o(i.TIM_SetClockDivision), (18 bytes).
    Removing stm32f10x_tim.o(i.TIM_SetCompare1), (4 bytes).
    Removing stm32f10x_tim.o(i.TIM_SetCompare2), (4 bytes).
    Removing stm32f10x_tim.o(i.TIM_SetCompare3), (4 bytes).
    Removing stm32f10x_tim.o(i.TIM_SetCompare4), (6 bytes).
    Removing stm32f10x_tim.o(i.TIM_SetCounter), (4 bytes).
    Removing stm32f10x_tim.o(i.TIM_SetIC1Prescaler), (18 bytes).
    Removing stm32f10x_tim.o(i.TIM_SetIC2Prescaler), (26 bytes).
    Removing stm32f10x_tim.o(i.TIM_SetIC3Prescaler), (18 bytes).
    Removing stm32f10x_tim.o(i.TIM_SetIC4Prescaler), (26 bytes).
    Removing stm32f10x_tim.o(i.TIM_TIxExternalClockConfig), (62 bytes).
    Removing stm32f10x_tim.o(i.TIM_TimeBaseStructInit), (18 bytes).
    Removing stm32f10x_tim.o(i.TIM_UpdateDisableConfig), (24 bytes).
    Removing stm32f10x_tim.o(i.TIM_UpdateRequestConfig), (24 bytes).
    Removing stm32f10x_usart.o(i.USART_ClearITPendingBit), (30 bytes).
    Removing stm32f10x_usart.o(i.USART_ClockInit), (34 bytes).
    Removing stm32f10x_usart.o(i.USART_ClockStructInit), (12 bytes).
    Removing stm32f10x_usart.o(i.USART_DeInit), (156 bytes).
    Removing stm32f10x_usart.o(i.USART_GetFlagStatus), (26 bytes).
    Removing stm32f10x_usart.o(i.USART_HalfDuplexCmd), (24 bytes).
    Removing stm32f10x_usart.o(i.USART_IrDACmd), (24 bytes).
    Removing stm32f10x_usart.o(i.USART_IrDAConfig), (18 bytes).
    Removing stm32f10x_usart.o(i.USART_LINBreakDetectLengthConfig), (18 bytes).
    Removing stm32f10x_usart.o(i.USART_LINCmd), (24 bytes).
    Removing stm32f10x_usart.o(i.USART_OneBitMethodCmd), (24 bytes).
    Removing stm32f10x_usart.o(i.USART_OverSampling8Cmd), (22 bytes).
    Removing stm32f10x_usart.o(i.USART_ReceiverWakeUpCmd), (24 bytes).
    Removing stm32f10x_usart.o(i.USART_SendBreak), (10 bytes).
    Removing stm32f10x_usart.o(i.USART_SendData), (8 bytes).
    Removing stm32f10x_usart.o(i.USART_SetAddress), (18 bytes).
    Removing stm32f10x_usart.o(i.USART_SetGuardTime), (16 bytes).
    Removing stm32f10x_usart.o(i.USART_SetPrescaler), (16 bytes).
    Removing stm32f10x_usart.o(i.USART_SmartCardCmd), (24 bytes).
    Removing stm32f10x_usart.o(i.USART_SmartCardNACKCmd), (24 bytes).
    Removing stm32f10x_usart.o(i.USART_StructInit), (24 bytes).
    Removing stm32f10x_usart.o(i.USART_WakeUpConfig), (18 bytes).
    Removing stm32f10x_rcc.o(i.RCC_ADCCLKConfig), (24 bytes).
    Removing stm32f10x_rcc.o(i.RCC_APB2PeriphResetCmd), (32 bytes).
    Removing stm32f10x_rcc.o(i.RCC_AdjustHSICalibrationValue), (24 bytes).
    Removing stm32f10x_rcc.o(i.RCC_BackupResetCmd), (12 bytes).
    Removing stm32f10x_rcc.o(i.RCC_ClearFlag), (20 bytes).
    Removing stm32f10x_rcc.o(i.RCC_ClearITPendingBit), (12 bytes).
    Removing stm32f10x_rcc.o(i.RCC_ClockSecuritySystemCmd), (12 bytes).
    Removing stm32f10x_rcc.o(i.RCC_DeInit), (76 bytes).
    Removing stm32f10x_rcc.o(i.RCC_GetFlagStatus), (60 bytes).
    Removing stm32f10x_rcc.o(i.RCC_GetITStatus), (24 bytes).
    Removing stm32f10x_rcc.o(i.RCC_GetSYSCLKSource), (16 bytes).
    Removing stm32f10x_rcc.o(i.RCC_HCLKConfig), (24 bytes).
    Removing stm32f10x_rcc.o(i.RCC_HSEConfig), (76 bytes).
    Removing stm32f10x_rcc.o(i.RCC_HSICmd), (12 bytes).
    Removing stm32f10x_rcc.o(i.RCC_ITConfig), (32 bytes).
    Removing stm32f10x_rcc.o(i.RCC_LSEConfig), (52 bytes).
    Removing stm32f10x_rcc.o(i.RCC_LSICmd), (12 bytes).
    Removing stm32f10x_rcc.o(i.RCC_MCOConfig), (12 bytes).
    Removing stm32f10x_rcc.o(i.RCC_PCLK1Config), (24 bytes).
    Removing stm32f10x_rcc.o(i.RCC_PCLK2Config), (24 bytes).
    Removing stm32f10x_rcc.o(i.RCC_PLLCmd), (12 bytes).
    Removing stm32f10x_rcc.o(i.RCC_PLLConfig), (28 bytes).
    Removing stm32f10x_rcc.o(i.RCC_RTCCLKCmd), (12 bytes).
    Removing stm32f10x_rcc.o(i.RCC_RTCCLKConfig), (16 bytes).
    Removing stm32f10x_rcc.o(i.RCC_SYSCLKConfig), (24 bytes).
    Removing stm32f10x_rcc.o(i.RCC_USBCLKConfig), (12 bytes).
    Removing stm32f10x_rcc.o(i.RCC_WaitForHSEStartUp), (56 bytes).
    Removing stm32f10x_can.o(i.CAN_CancelTransmit), (48 bytes).
    Removing stm32f10x_can.o(i.CAN_DBGFreeze), (22 bytes).
    Removing stm32f10x_can.o(i.CAN_GetFlagStatus), (120 bytes).
    Removing stm32f10x_can.o(i.CAN_GetLSBTransmitErrorCounter), (12 bytes).
    Removing stm32f10x_can.o(i.CAN_GetLastErrorCode), (12 bytes).
    Removing stm32f10x_can.o(i.CAN_GetReceiveErrorCounter), (10 bytes).
    Removing stm32f10x_can.o(i.CAN_OperatingModeRequest), (162 bytes).
    Removing stm32f10x_can.o(i.CAN_SlaveStartBank), (52 bytes).
    Removing stm32f10x_can.o(i.CAN_Sleep), (30 bytes).
    Removing stm32f10x_can.o(i.CAN_TTComModeCmd), (118 bytes).
    Removing stm32f10x_can.o(i.CAN_TransmitStatus), (160 bytes).
    Removing stm32f10x_can.o(i.CAN_WakeUp), (48 bytes).
    Removing dma.o(.bss), (30 bytes).
    Removing timer.o(.bss), (30 bytes).
    Removing can.o(i.Can_Receive_Msg), (64 bytes).
    Removing core_cm3.o(.emb_text), (32 bytes).
    Removing delay.o(i.delay_us), (76 bytes).
    Removing sys.o(.emb_text), (6 bytes).
    Removing sys.o(i.INTX_DISABLE), (4 bytes).
    Removing sys.o(i.INTX_ENABLE), (4 bytes).
    Removing sys.o(i.WFI_SET), (4 bytes).
    Removing main.o(.bss), (30 bytes).
    Removing system_stm32f10x.o(i.SystemCoreClockUpdate), (164 bytes).

179 unused section(s) (total 6490 bytes) removed from the image.

==============================================================================

Image Symbol Table

    Local Symbols

    Symbol Name                              Value     Ov Type        Size  Object(Section)

    ../clib/angel/boardlib.s                 0x00000000   Number         0  boardinit1.o ABSOLUTE
    ../clib/angel/boardlib.s                 0x00000000   Number         0  boardinit2.o ABSOLUTE
    ../clib/angel/boardlib.s                 0x00000000   Number         0  boardinit3.o ABSOLUTE
    ../clib/angel/boardlib.s                 0x00000000   Number         0  boardshut.o ABSOLUTE
    ../clib/angel/handlers.s                 0x00000000   Number         0  __scatter_zi.o ABSOLUTE
    ../clib/angel/handlers.s                 0x00000000   Number         0  __scatter_copy.o ABSOLUTE
    ../clib/angel/kernel.s                   0x00000000   Number         0  rtexit.o ABSOLUTE
    ../clib/angel/kernel.s                   0x00000000   Number         0  rtexit2.o ABSOLUTE
    ../clib/angel/kernel.s                   0x00000000   Number         0  __rtentry.o ABSOLUTE
    ../clib/angel/kernel.s                   0x00000000   Number         0  __rtentry2.o ABSOLUTE
    ../clib/angel/kernel.s                   0x00000000   Number         0  __rtentry4.o ABSOLUTE
    ../clib/angel/rt.s                       0x00000000   Number         0  rt_raise.o ABSOLUTE
    ../clib/angel/scatter.s                  0x00000000   Number         0  __scatter.o ABSOLUTE
    ../clib/angel/startup.s                  0x00000000   Number         0  __main.o ABSOLUTE
    ../clib/angel/sys.s                      0x00000000   Number         0  libspace.o ABSOLUTE
    ../clib/angel/sys.s                      0x00000000   Number         0  indicate_semi.o ABSOLUTE
    ../clib/angel/sys.s                      0x00000000   Number         0  use_no_semi.o ABSOLUTE
    ../clib/angel/sys.s                      0x00000000   Number         0  sys_stackheap_outer.o ABSOLUTE
    ../clib/angel/sysapp.c                   0x00000000   Number         0  sys_command.o ABSOLUTE
    ../clib/angel/sysapp.c                   0x00000000   Number         0  sys_wrch.o ABSOLUTE
    ../clib/angel/sysapp.c                   0x00000000   Number         0  sys_exit.o ABSOLUTE
    ../clib/armsys.c                         0x00000000   Number         0  argv_veneer.o ABSOLUTE
    ../clib/armsys.c                         0x00000000   Number         0  argv_veneer.o ABSOLUTE
    ../clib/armsys.c                         0x00000000   Number         0  no_argv.o ABSOLUTE
    ../clib/armsys.c                         0x00000000   Number         0  _get_argv_nomalloc.o ABSOLUTE
    ../clib/heapalloc.c                      0x00000000   Number         0  hrguard.o ABSOLUTE
    ../clib/heapaux.c                        0x00000000   Number         0  heapauxi.o ABSOLUTE
    ../clib/libinit.s                        0x00000000   Number         0  libinit.o ABSOLUTE
    ../clib/libinit.s                        0x00000000   Number         0  libshutdown2.o ABSOLUTE
    ../clib/libinit.s                        0x00000000   Number         0  libshutdown.o ABSOLUTE
    ../clib/libinit.s                        0x00000000   Number         0  libinit2.o ABSOLUTE
    ../clib/signal.c                         0x00000000   Number         0  defsig_pvfn_inner.o ABSOLUTE
    ../clib/signal.c                         0x00000000   Number         0  defsig_stak_inner.o ABSOLUTE
    ../clib/signal.c                         0x00000000   Number         0  defsig_rtred_inner.o ABSOLUTE
    ../clib/signal.c                         0x00000000   Number         0  defsig_fpe_inner.o ABSOLUTE
    ../clib/signal.c                         0x00000000   Number         0  defsig_abrt_inner.o ABSOLUTE
    ../clib/signal.c                         0x00000000   Number         0  defsig_general.o ABSOLUTE
    ../clib/signal.c                         0x00000000   Number         0  __raise.o ABSOLUTE
    ../clib/signal.c                         0x00000000   Number         0  defsig_exit.o ABSOLUTE
    ../clib/signal.c                         0x00000000   Number         0  defsig_rtmem_outer.o ABSOLUTE
    ../clib/signal.c                         0x00000000   Number         0  defsig_rtmem_formal.o ABSOLUTE
    ../clib/signal.c                         0x00000000   Number         0  defsig_rtmem_inner.o ABSOLUTE
    ../clib/signal.c                         0x00000000   Number         0  defsig_other.o ABSOLUTE
    ../clib/signal.c                         0x00000000   Number         0  defsig_segv_inner.o ABSOLUTE
    ../clib/signal.c                         0x00000000   Number         0  defsig_cppl_inner.o ABSOLUTE
    ../clib/signal.s                         0x00000000   Number         0  defsig.o ABSOLUTE
    ../clib/stdlib.c                         0x00000000   Number         0  exit.o ABSOLUTE
    ../fplib/faddsub.s                       0x00000000   Number         0  faddsub_clz.o ABSOLUTE
    ../fplib/fcmpi.s                         0x00000000   Number         0  fcmpi.o ABSOLUTE
    ../fplib/feqf.s                          0x00000000   Number         0  feqf.o ABSOLUTE
    ../fplib/ffix.s                          0x00000000   Number         0  ffix.o ABSOLUTE
    ../fplib/fflt.s                          0x00000000   Number         0  fflt_clz.o ABSOLUTE
    ../fplib/fleqf.s                         0x00000000   Number         0  fleqf.o ABSOLUTE
    ../fplib/fmul.s                          0x00000000   Number         0  fmul.o ABSOLUTE
    ../fplib/fnaninf.s                       0x00000000   Number         0  fnaninf.o ABSOLUTE
    ../fplib/fpinit.s                        0x00000000   Number         0  fpinit.o ABSOLUTE
    ../fplib/fretinf.s                       0x00000000   Number         0  fretinf.o ABSOLUTE
    ../fplib/frleqf.s                        0x00000000   Number         0  frleqf.o ABSOLUTE
    ../fplib/usenofp.s                       0x00000000   Number         0  usenofp.o ABSOLUTE
    ..\CORE\core_cm3.c                       0x00000000   Number         0  core_cm3.o ABSOLUTE
    ..\CORE\startup_stm32f10x_md.s           0x00000000   Number         0  startup_stm32f10x_md.o ABSOLUTE
    ..\HARDWARE\CAN\can.c                    0x00000000   Number         0  can.o ABSOLUTE
    ..\HARDWARE\DMA\dma.c                    0x00000000   Number         0  dma.o ABSOLUTE
    ..\HARDWARE\LED\led.c                    0x00000000   Number         0  led.o ABSOLUTE
    ..\HARDWARE\TIMER\timer.c                0x00000000   Number         0  timer.o ABSOLUTE
    ..\STM32F10x_FWLib\src\misc.c            0x00000000   Number         0  misc.o ABSOLUTE
    ..\STM32F10x_FWLib\src\stm32f10x_can.c   0x00000000   Number         0  stm32f10x_can.o ABSOLUTE
    ..\STM32F10x_FWLib\src\stm32f10x_dma.c   0x00000000   Number         0  stm32f10x_dma.o ABSOLUTE
    ..\STM32F10x_FWLib\src\stm32f10x_gpio.c  0x00000000   Number         0  stm32f10x_gpio.o ABSOLUTE
    ..\STM32F10x_FWLib\src\stm32f10x_rcc.c   0x00000000   Number         0  stm32f10x_rcc.o ABSOLUTE
    ..\STM32F10x_FWLib\src\stm32f10x_tim.c   0x00000000   Number         0  stm32f10x_tim.o ABSOLUTE
    ..\STM32F10x_FWLib\src\stm32f10x_usart.c 0x00000000   Number         0  stm32f10x_usart.o ABSOLUTE
    ..\SYSTEM\delay\delay.c                  0x00000000   Number         0  delay.o ABSOLUTE
    ..\SYSTEM\sys\sys.c                      0x00000000   Number         0  sys.o ABSOLUTE
    ..\SYSTEM\usart\usart.c                  0x00000000   Number         0  usart.o ABSOLUTE
    ..\\CORE\\core_cm3.c                     0x00000000   Number         0  core_cm3.o ABSOLUTE
    ..\\SYSTEM\\sys\\sys.c                   0x00000000   Number         0  sys.o ABSOLUTE
    dc.s                                     0x00000000   Number         0  dc.o ABSOLUTE
    main.c                                   0x00000000   Number         0  main.o ABSOLUTE
    pid.c                                    0x00000000   Number         0  pid.o ABSOLUTE
    stm32f10x_it.c                           0x00000000   Number         0  stm32f10x_it.o ABSOLUTE
    system_stm32f10x.c                       0x00000000   Number         0  system_stm32f10x.o ABSOLUTE
    RESET                                    0x08000000   Section      236  startup_stm32f10x_md.o(RESET)
    !!!main                                  0x080000ec   Section        8  __main.o(!!!main)
    !!!scatter                               0x080000f4   Section       52  __scatter.o(!!!scatter)
    !!handler_copy                           0x08000128   Section       26  __scatter_copy.o(!!handler_copy)
    !!handler_zi                             0x08000144   Section       28  __scatter_zi.o(!!handler_zi)
    .ARM.Collect$$libinit$$00000000          0x08000160   Section        2  libinit.o(.ARM.Collect$$libinit$$00000000)
    .ARM.Collect$$libinit$$00000002          0x08000162   Section        0  libinit2.o(.ARM.Collect$$libinit$$00000002)
    .ARM.Collect$$libinit$$00000004          0x08000162   Section        0  libinit2.o(.ARM.Collect$$libinit$$00000004)
    .ARM.Collect$$libinit$$0000000A          0x08000162   Section        0  libinit2.o(.ARM.Collect$$libinit$$0000000A)
    .ARM.Collect$$libinit$$0000000C          0x08000162   Section        0  libinit2.o(.ARM.Collect$$libinit$$0000000C)
    .ARM.Collect$$libinit$$0000000E          0x08000162   Section        0  libinit2.o(.ARM.Collect$$libinit$$0000000E)
    .ARM.Collect$$libinit$$00000011          0x08000162   Section        0  libinit2.o(.ARM.Collect$$libinit$$00000011)
    .ARM.Collect$$libinit$$00000013          0x08000162   Section        0  libinit2.o(.ARM.Collect$$libinit$$00000013)
    .ARM.Collect$$libinit$$00000015          0x08000162   Section        0  libinit2.o(.ARM.Collect$$libinit$$00000015)
    .ARM.Collect$$libinit$$00000017          0x08000162   Section        0  libinit2.o(.ARM.Collect$$libinit$$00000017)
    .ARM.Collect$$libinit$$00000019          0x08000162   Section        0  libinit2.o(.ARM.Collect$$libinit$$00000019)
    .ARM.Collect$$libinit$$0000001B          0x08000162   Section        0  libinit2.o(.ARM.Collect$$libinit$$0000001B)
    .ARM.Collect$$libinit$$0000001D          0x08000162   Section        0  libinit2.o(.ARM.Collect$$libinit$$0000001D)
    .ARM.Collect$$libinit$$0000001F          0x08000162   Section        0  libinit2.o(.ARM.Collect$$libinit$$0000001F)
    .ARM.Collect$$libinit$$00000021          0x08000162   Section        0  libinit2.o(.ARM.Collect$$libinit$$00000021)
    .ARM.Collect$$libinit$$00000023          0x08000162   Section        0  libinit2.o(.ARM.Collect$$libinit$$00000023)
    .ARM.Collect$$libinit$$00000025          0x08000162   Section        0  libinit2.o(.ARM.Collect$$libinit$$00000025)
    .ARM.Collect$$libinit$$0000002C          0x08000162   Section        0  libinit2.o(.ARM.Collect$$libinit$$0000002C)
    .ARM.Collect$$libinit$$0000002E          0x08000162   Section        0  libinit2.o(.ARM.Collect$$libinit$$0000002E)
    .ARM.Collect$$libinit$$00000030          0x08000162   Section        0  libinit2.o(.ARM.Collect$$libinit$$00000030)
    .ARM.Collect$$libinit$$00000032          0x08000162   Section        0  libinit2.o(.ARM.Collect$$libinit$$00000032)
    .ARM.Collect$$libinit$$00000033          0x08000162   Section        2  libinit2.o(.ARM.Collect$$libinit$$00000033)
    .ARM.Collect$$libshutdown$$00000000      0x08000164   Section        2  libshutdown.o(.ARM.Collect$$libshutdown$$00000000)
    .ARM.Collect$$libshutdown$$00000003      0x08000166   Section        0  libshutdown2.o(.ARM.Collect$$libshutdown$$00000003)
    .ARM.Collect$$libshutdown$$00000006      0x08000166   Section        0  libshutdown2.o(.ARM.Collect$$libshutdown$$00000006)
    .ARM.Collect$$libshutdown$$00000009      0x08000166   Section        0  libshutdown2.o(.ARM.Collect$$libshutdown$$00000009)
    .ARM.Collect$$libshutdown$$0000000B      0x08000166   Section        0  libshutdown2.o(.ARM.Collect$$libshutdown$$0000000B)
    .ARM.Collect$$libshutdown$$0000000E      0x08000166   Section        0  libshutdown2.o(.ARM.Collect$$libshutdown$$0000000E)
    .ARM.Collect$$libshutdown$$0000000F      0x08000166   Section        2  libshutdown2.o(.ARM.Collect$$libshutdown$$0000000F)
    .ARM.Collect$$rtentry$$00000000          0x08000168   Section        0  __rtentry.o(.ARM.Collect$$rtentry$$00000000)
    .ARM.Collect$$rtentry$$00000002          0x08000168   Section        0  __rtentry2.o(.ARM.Collect$$rtentry$$00000002)
    .ARM.Collect$$rtentry$$00000004          0x08000168   Section        6  __rtentry4.o(.ARM.Collect$$rtentry$$00000004)
    .ARM.Collect$$rtentry$$00000009          0x0800016e   Section        0  __rtentry2.o(.ARM.Collect$$rtentry$$00000009)
    .ARM.Collect$$rtentry$$0000000A          0x0800016e   Section        4  __rtentry2.o(.ARM.Collect$$rtentry$$0000000A)
    .ARM.Collect$$rtentry$$0000000C          0x08000172   Section        0  __rtentry2.o(.ARM.Collect$$rtentry$$0000000C)
    .ARM.Collect$$rtentry$$0000000D          0x08000172   Section        8  __rtentry2.o(.ARM.Collect$$rtentry$$0000000D)
    .ARM.Collect$$rtexit$$00000000           0x0800017a   Section        2  rtexit.o(.ARM.Collect$$rtexit$$00000000)
    .ARM.Collect$$rtexit$$00000002           0x0800017c   Section        0  rtexit2.o(.ARM.Collect$$rtexit$$00000002)
    .ARM.Collect$$rtexit$$00000003           0x0800017c   Section        4  rtexit2.o(.ARM.Collect$$rtexit$$00000003)
    .ARM.Collect$$rtexit$$00000004           0x08000180   Section        6  rtexit2.o(.ARM.Collect$$rtexit$$00000004)
    .text                                    0x08000188   Section       64  startup_stm32f10x_md.o(.text)
    .text                                    0x080001c8   Section        0  heapauxi.o(.text)
    .text                                    0x080001ce   Section       74  sys_stackheap_outer.o(.text)
    .text                                    0x08000218   Section        0  exit.o(.text)
    .text                                    0x08000224   Section        8  libspace.o(.text)
    .text                                    0x0800022c   Section        0  sys_exit.o(.text)
    .text                                    0x08000238   Section        2  use_no_semi.o(.text)
    .text                                    0x0800023a   Section        0  indicate_semi.o(.text)
    i.BusFault_Handler                       0x0800023a   Section        0  stm32f10x_it.o(i.BusFault_Handler)
    i.CAN_ClearFlag                          0x08000240   Section        0  stm32f10x_can.o(i.CAN_ClearFlag)
    i.CAN_ClearITPendingBit                  0x08000278   Section        0  stm32f10x_can.o(i.CAN_ClearITPendingBit)
    i.CAN_DeInit                             0x08000320   Section        0  stm32f10x_can.o(i.CAN_DeInit)
    i.CAN_FIFORelease                        0x08000358   Section        0  stm32f10x_can.o(i.CAN_FIFORelease)
    i.CAN_FilterInit                         0x08000370   Section        0  stm32f10x_can.o(i.CAN_FilterInit)
    i.CAN_GetITStatus                        0x08000478   Section        0  stm32f10x_can.o(i.CAN_GetITStatus)
    i.CAN_ITConfig                           0x08000598   Section        0  stm32f10x_can.o(i.CAN_ITConfig)
    i.CAN_Init                               0x080005aa   Section        0  stm32f10x_can.o(i.CAN_Init)
    i.CAN_MessagePending                     0x080006be   Section        0  stm32f10x_can.o(i.CAN_MessagePending)
    i.CAN_Mode_Init                          0x080006dc   Section        0  can.o(i.CAN_Mode_Init)
    i.CAN_Receive                            0x08000804   Section        0  stm32f10x_can.o(i.CAN_Receive)
    i.CAN_StructInit                         0x080008f4   Section        0  stm32f10x_can.o(i.CAN_StructInit)
    i.CAN_Transmit                           0x08000914   Section        0  stm32f10x_can.o(i.CAN_Transmit)
    i.CanReceiveMsgProcess                   0x08000a3c   Section        0  can.o(i.CanReceiveMsgProcess)
    i.CheckITStatus                          0x08000ad4   Section        0  stm32f10x_can.o(i.CheckITStatus)
    CheckITStatus                            0x08000ad5   Thumb Code    18  stm32f10x_can.o(i.CheckITStatus)
    i.DMA_Cmd                                0x08000ae6   Section        0  stm32f10x_dma.o(i.DMA_Cmd)
    i.DMA_DeInit                             0x08000b00   Section        0  stm32f10x_dma.o(i.DMA_DeInit)
    i.DMA_GetCurrDataCounter                 0x08000c4c   Section        0  stm32f10x_dma.o(i.DMA_GetCurrDataCounter)
    i.DMA_Init                               0x08000c54   Section        0  stm32f10x_dma.o(i.DMA_Init)
    i.DMA_SetCurrDataCounter                 0x08000c90   Section        0  stm32f10x_dma.o(i.DMA_SetCurrDataCounter)
    i.DebugMon_Handler                       0x08000c94   Section        0  stm32f10x_it.o(i.DebugMon_Handler)
    i.GPIO_Init                              0x08000c96   Section        0  stm32f10x_gpio.o(i.GPIO_Init)
    i.GPIO_ResetBits                         0x08000dac   Section        0  stm32f10x_gpio.o(i.GPIO_ResetBits)
    i.GPIO_SetBits                           0x08000db0   Section        0  stm32f10x_gpio.o(i.GPIO_SetBits)
    i.HardFault_Handler                      0x08000db4   Section        0  stm32f10x_it.o(i.HardFault_Handler)
    i.LED_Init                               0x08000db8   Section        0  led.o(i.LED_Init)
    i.MemManage_Handler                      0x08000e08   Section        0  stm32f10x_it.o(i.MemManage_Handler)
    i.NMI_Handler                            0x08000e0c   Section        0  stm32f10x_it.o(i.NMI_Handler)
    i.NVIC_Init                              0x08000e10   Section        0  misc.o(i.NVIC_Init)
    i.NVIC_PriorityGroupConfig               0x08000e80   Section        0  misc.o(i.NVIC_PriorityGroupConfig)
    i.PID_struct_init                        0x08000e94   Section        0  pid.o(i.PID_struct_init)
    i.PendSV_Handler                         0x08000ed0   Section        0  stm32f10x_it.o(i.PendSV_Handler)
    i.RCC_AHBPeriphClockCmd                  0x08000ed4   Section        0  stm32f10x_rcc.o(i.RCC_AHBPeriphClockCmd)
    i.RCC_APB1PeriphClockCmd                 0x08000ef4   Section        0  stm32f10x_rcc.o(i.RCC_APB1PeriphClockCmd)
    i.RCC_APB1PeriphResetCmd                 0x08000f14   Section        0  stm32f10x_rcc.o(i.RCC_APB1PeriphResetCmd)
    i.RCC_APB2PeriphClockCmd                 0x08000f34   Section        0  stm32f10x_rcc.o(i.RCC_APB2PeriphClockCmd)
    i.RCC_GetClocksFreq                      0x08000f54   Section        0  stm32f10x_rcc.o(i.RCC_GetClocksFreq)
    i.RemoteDataPrcess                       0x08001028   Section        0  usart.o(i.RemoteDataPrcess)
    i.SVC_Handler                            0x080010c8   Section        0  stm32f10x_it.o(i.SVC_Handler)
    i.SetSysClock                            0x080010ca   Section        0  system_stm32f10x.o(i.SetSysClock)
    SetSysClock                              0x080010cb   Thumb Code     8  system_stm32f10x.o(i.SetSysClock)
    i.SetSysClockTo72                        0x080010d4   Section        0  system_stm32f10x.o(i.SetSysClockTo72)
    SetSysClockTo72                          0x080010d5   Thumb Code   214  system_stm32f10x.o(i.SetSysClockTo72)
    i.Set_CM_Speed                           0x080011b4   Section        0  can.o(i.Set_CM_Speed)
    i.SysTick_CLKSourceConfig                0x08001210   Section        0  misc.o(i.SysTick_CLKSourceConfig)
    i.SysTick_Handler                        0x08001238   Section        0  stm32f10x_it.o(i.SysTick_Handler)
    i.SystemInit                             0x0800123c   Section        0  system_stm32f10x.o(i.SystemInit)
    i.TIM2_PWM_Init                          0x0800129c   Section        0  timer.o(i.TIM2_PWM_Init)
    i.TIM_ARRPreloadConfig                   0x08001368   Section        0  stm32f10x_tim.o(i.TIM_ARRPreloadConfig)
    i.TIM_Cmd                                0x08001380   Section        0  stm32f10x_tim.o(i.TIM_Cmd)
    i.TIM_CtrlPWMOutputs                     0x08001398   Section        0  stm32f10x_tim.o(i.TIM_CtrlPWMOutputs)
    i.TIM_OC2Init                            0x080013b8   Section        0  stm32f10x_tim.o(i.TIM_OC2Init)
    i.TIM_OC3Init                            0x0800145c   Section        0  stm32f10x_tim.o(i.TIM_OC3Init)
    i.TIM_OC4Init                            0x080014fc   Section        0  stm32f10x_tim.o(i.TIM_OC4Init)
    i.TIM_TimeBaseInit                       0x08001578   Section        0  stm32f10x_tim.o(i.TIM_TimeBaseInit)
    i.USART1_DMA_RX                          0x0800161c   Section        0  dma.o(i.USART1_DMA_RX)
    i.USART1_IRQHandler                      0x08001684   Section        0  usart.o(i.USART1_IRQHandler)
    i.USART_ClearFlag                        0x080016f4   Section        0  stm32f10x_usart.o(i.USART_ClearFlag)
    i.USART_Cmd                              0x08001706   Section        0  stm32f10x_usart.o(i.USART_Cmd)
    i.USART_DMACmd                           0x0800171e   Section        0  stm32f10x_usart.o(i.USART_DMACmd)
    i.USART_GetITStatus                      0x08001730   Section        0  stm32f10x_usart.o(i.USART_GetITStatus)
    i.USART_ITConfig                         0x08001784   Section        0  stm32f10x_usart.o(i.USART_ITConfig)
    i.USART_Init                             0x080017d0   Section        0  stm32f10x_usart.o(i.USART_Init)
    i.USART_ReceiveData                      0x080018a8   Section        0  stm32f10x_usart.o(i.USART_ReceiveData)
    i.USB_HP_CAN1_TX_IRQHandler              0x080018b4   Section        0  can.o(i.USB_HP_CAN1_TX_IRQHandler)
    i.USB_LP_CAN1_RX0_IRQHandler             0x080018d0   Section        0  can.o(i.USB_LP_CAN1_RX0_IRQHandler)
    i.UsageFault_Handler                     0x08001920   Section        0  stm32f10x_it.o(i.UsageFault_Handler)
    i.abs_limit                              0x08001924   Section        0  pid.o(i.abs_limit)
    i.chassis_pid_param_init                 0x0800194c   Section        0  main.o(i.chassis_pid_param_init)
    i.delay_init                             0x080019b8   Section        0  delay.o(i.delay_init)
    i.delay_ms                               0x080019fc   Section        0  delay.o(i.delay_ms)
    i.get_moto_measure                       0x08001a48   Section        0  can.o(i.get_moto_measure)
    i.get_moto_offset                        0x08001ac8   Section        0  can.o(i.get_moto_offset)
    i.main                                   0x08001ad8   Section        0  main.o(i.main)
    i.pid_calc                               0x08001c70   Section        0  pid.o(i.pid_calc)
    i.pid_param_init                         0x08001e02   Section        0  pid.o(i.pid_param_init)
    pid_param_init                           0x08001e03   Thumb Code    20  pid.o(i.pid_param_init)
    i.pid_reset                              0x08001e16   Section        0  pid.o(i.pid_reset)
    pid_reset                                0x08001e17   Thumb Code     8  pid.o(i.pid_reset)
    i.uart_init                              0x08001e20   Section        0  usart.o(i.uart_init)
    x$fpl$fadd                               0x08001eb0   Section      196  faddsub_clz.o(x$fpl$fadd)
    _fadd1                                   0x08001ebf   Thumb Code     0  faddsub_clz.o(x$fpl$fadd)
    x$fpl$fcmpinf                            0x08001f74   Section       24  fcmpi.o(x$fpl$fcmpinf)
    x$fpl$feqf                               0x08001f8c   Section      104  feqf.o(x$fpl$feqf)
    x$fpl$ffix                               0x08001ff4   Section       54  ffix.o(x$fpl$ffix)
    x$fpl$fflt                               0x0800202c   Section       48  fflt_clz.o(x$fpl$fflt)
    x$fpl$ffltu                              0x0800205c   Section       38  fflt_clz.o(x$fpl$ffltu)
    x$fpl$fleqf                              0x08002084   Section      104  fleqf.o(x$fpl$fleqf)
    x$fpl$fmul                               0x080020ec   Section      258  fmul.o(x$fpl$fmul)
    x$fpl$fnaninf                            0x080021ee   Section      140  fnaninf.o(x$fpl$fnaninf)
    x$fpl$fretinf                            0x0800227a   Section       10  fretinf.o(x$fpl$fretinf)
    x$fpl$frleqf                             0x08002284   Section       98  frleqf.o(x$fpl$frleqf)
    x$fpl$frsb                               0x080022e6   Section       20  faddsub_clz.o(x$fpl$frsb)
    x$fpl$fsub                               0x080022fc   Section      234  faddsub_clz.o(x$fpl$fsub)
    _fsub1                                   0x0800230b   Thumb Code     0  faddsub_clz.o(x$fpl$fsub)
    x$fpl$usenofp                            0x080023e6   Section        0  usenofp.o(x$fpl$usenofp)
    .data                                    0x20000000   Section       20  stm32f10x_rcc.o(.data)
    APBAHBPrescTable                         0x20000000   Data          16  stm32f10x_rcc.o(.data)
    ADCPrescTable                            0x20000010   Data           4  stm32f10x_rcc.o(.data)
    .data                                    0x20000014   Section        1  can.o(.data)
    i                                        0x20000014   Data           1  can.o(.data)
    .data                                    0x20000016   Section        4  delay.o(.data)
    fac_us                                   0x20000016   Data           1  delay.o(.data)
    fac_ms                                   0x20000018   Data           2  delay.o(.data)
    .data                                    0x2000001c   Section        4  usart.o(.data)
    this_time_rx_len                         0x2000001c   Data           4  usart.o(.data)
    .data                                    0x20000020   Section       40  main.o(.data)
    .data                                    0x20000048   Section       20  system_stm32f10x.o(.data)
    .bss                                     0x2000005c   Section      132  can.o(.bss)
    .bss                                     0x200000e0   Section       82  usart.o(.bss)
    _USART1_DMA_RX_BUF                       0x200000e0   Data          30  usart.o(.bss)
    .bss                                     0x20000134   Section      864  pid.o(.bss)
    .bss                                     0x20000494   Section       96  libspace.o(.bss)
    HEAP                                     0x200004f8   Section      512  startup_stm32f10x_md.o(HEAP)
    Heap_Mem                                 0x200004f8   Data         512  startup_stm32f10x_md.o(HEAP)
    STACK                                    0x200006f8   Section     1024  startup_stm32f10x_md.o(STACK)
    Stack_Mem                                0x200006f8   Data        1024  startup_stm32f10x_md.o(STACK)
    __initial_sp                             0x20000af8   Data           0  startup_stm32f10x_md.o(STACK)

    Global Symbols

    Symbol Name                              Value     Ov Type        Size  Object(Section)

    BuildAttributes$$THM_ISAv4$P$D$K$B$S$PE$A:L22UL41UL21$X:L11$S22US41US21$IEEE1$IW$USESV6$~STKCKD$USESV7$~SHL$OSPACE$ROPI$EBA8$UX$STANDARDLIB$REQ8$PRES8$EABIv2 0x00000000   Number         0  anon$$obj.o ABSOLUTE
    __ARM_use_no_argv                        0x00000000   Number         0  main.o ABSOLUTE
    __ARM_exceptions_init                     - Undefined Weak Reference
    __alloca_initialize                       - Undefined Weak Reference
    __arm_preinit_                            - Undefined Weak Reference
    __cpp_initialize__aeabi_                  - Undefined Weak Reference
    __cxa_finalize                            - Undefined Weak Reference
    __rt_locale                               - Undefined Weak Reference
    __sigvec_lookup                           - Undefined Weak Reference
    _atexit_init                              - Undefined Weak Reference
    _call_atexit_fns                          - Undefined Weak Reference
    _clock_init                               - Undefined Weak Reference
    _fp_trap_init                             - Undefined Weak Reference
    _fp_trap_shutdown                         - Undefined Weak Reference
    _get_lc_collate                           - Undefined Weak Reference
    _get_lc_ctype                             - Undefined Weak Reference
    _get_lc_monetary                          - Undefined Weak Reference
    _get_lc_numeric                           - Undefined Weak Reference
    _get_lc_time                              - Undefined Weak Reference
    _getenv_init                              - Undefined Weak Reference
    _handle_redirection                       - Undefined Weak Reference
    _init_alloc                               - Undefined Weak Reference
    _init_user_alloc                          - Undefined Weak Reference
    _initio                                   - Undefined Weak Reference
    _rand_init                                - Undefined Weak Reference
    _signal_finish                            - Undefined Weak Reference
    _signal_init                              - Undefined Weak Reference
    _terminate_alloc                          - Undefined Weak Reference
    _terminate_user_alloc                     - Undefined Weak Reference
    _terminateio                              - Undefined Weak Reference
    __Vectors_Size                           0x000000ec   Number         0  startup_stm32f10x_md.o ABSOLUTE
    __Vectors                                0x08000000   Data           4  startup_stm32f10x_md.o(RESET)
    __Vectors_End                            0x080000ec   Data           0  startup_stm32f10x_md.o(RESET)
    __main                                   0x080000ed   Thumb Code     8  __main.o(!!!main)
    __scatterload                            0x080000f5   Thumb Code     0  __scatter.o(!!!scatter)
    __scatterload_rt2                        0x080000f5   Thumb Code    44  __scatter.o(!!!scatter)
    __scatterload_rt2_thumb_only             0x080000f5   Thumb Code     0  __scatter.o(!!!scatter)
    __scatterload_null                       0x08000103   Thumb Code     0  __scatter.o(!!!scatter)
    __scatterload_copy                       0x08000129   Thumb Code    26  __scatter_copy.o(!!handler_copy)
    __scatterload_zeroinit                   0x08000145   Thumb Code    28  __scatter_zi.o(!!handler_zi)
    __rt_lib_init                            0x08000161   Thumb Code     0  libinit.o(.ARM.Collect$$libinit$$00000000)
    __rt_lib_init_alloca_1                   0x08000163   Thumb Code     0  libinit2.o(.ARM.Collect$$libinit$$0000002E)
    __rt_lib_init_argv_1                     0x08000163   Thumb Code     0  libinit2.o(.ARM.Collect$$libinit$$0000002C)
    __rt_lib_init_atexit_1                   0x08000163   Thumb Code     0  libinit2.o(.ARM.Collect$$libinit$$0000001B)
    __rt_lib_init_clock_1                    0x08000163   Thumb Code     0  libinit2.o(.ARM.Collect$$libinit$$00000021)
    __rt_lib_init_cpp_1                      0x08000163   Thumb Code     0  libinit2.o(.ARM.Collect$$libinit$$00000032)
    __rt_lib_init_exceptions_1               0x08000163   Thumb Code     0  libinit2.o(.ARM.Collect$$libinit$$00000030)
    __rt_lib_init_fp_1                       0x08000163   Thumb Code     0  libinit2.o(.ARM.Collect$$libinit$$00000002)
    __rt_lib_init_fp_trap_1                  0x08000163   Thumb Code     0  libinit2.o(.ARM.Collect$$libinit$$0000001F)
    __rt_lib_init_getenv_1                   0x08000163   Thumb Code     0  libinit2.o(.ARM.Collect$$libinit$$00000023)
    __rt_lib_init_heap_1                     0x08000163   Thumb Code     0  libinit2.o(.ARM.Collect$$libinit$$0000000A)
    __rt_lib_init_lc_collate_1               0x08000163   Thumb Code     0  libinit2.o(.ARM.Collect$$libinit$$00000011)
    __rt_lib_init_lc_ctype_1                 0x08000163   Thumb Code     0  libinit2.o(.ARM.Collect$$libinit$$00000013)
    __rt_lib_init_lc_monetary_1              0x08000163   Thumb Code     0  libinit2.o(.ARM.Collect$$libinit$$00000015)
    __rt_lib_init_lc_numeric_1               0x08000163   Thumb Code     0  libinit2.o(.ARM.Collect$$libinit$$00000017)
    __rt_lib_init_lc_time_1                  0x08000163   Thumb Code     0  libinit2.o(.ARM.Collect$$libinit$$00000019)
    __rt_lib_init_preinit_1                  0x08000163   Thumb Code     0  libinit2.o(.ARM.Collect$$libinit$$00000004)
    __rt_lib_init_rand_1                     0x08000163   Thumb Code     0  libinit2.o(.ARM.Collect$$libinit$$0000000E)
    __rt_lib_init_return                     0x08000163   Thumb Code     0  libinit2.o(.ARM.Collect$$libinit$$00000033)
    __rt_lib_init_signal_1                   0x08000163   Thumb Code     0  libinit2.o(.ARM.Collect$$libinit$$0000001D)
    __rt_lib_init_stdio_1                    0x08000163   Thumb Code     0  libinit2.o(.ARM.Collect$$libinit$$00000025)
    __rt_lib_init_user_alloc_1               0x08000163   Thumb Code     0  libinit2.o(.ARM.Collect$$libinit$$0000000C)
    __rt_lib_shutdown                        0x08000165   Thumb Code     0  libshutdown.o(.ARM.Collect$$libshutdown$$00000000)
    __rt_lib_shutdown_fp_trap_1              0x08000167   Thumb Code     0  libshutdown2.o(.ARM.Collect$$libshutdown$$00000006)
    __rt_lib_shutdown_heap_1                 0x08000167   Thumb Code     0  libshutdown2.o(.ARM.Collect$$libshutdown$$0000000E)
    __rt_lib_shutdown_return                 0x08000167   Thumb Code     0  libshutdown2.o(.ARM.Collect$$libshutdown$$0000000F)
    __rt_lib_shutdown_signal_1               0x08000167   Thumb Code     0  libshutdown2.o(.ARM.Collect$$libshutdown$$00000009)
    __rt_lib_shutdown_stdio_1                0x08000167   Thumb Code     0  libshutdown2.o(.ARM.Collect$$libshutdown$$00000003)
    __rt_lib_shutdown_user_alloc_1           0x08000167   Thumb Code     0  libshutdown2.o(.ARM.Collect$$libshutdown$$0000000B)
    __rt_entry                               0x08000169   Thumb Code     0  __rtentry.o(.ARM.Collect$$rtentry$$00000000)
    __rt_entry_presh_1                       0x08000169   Thumb Code     0  __rtentry2.o(.ARM.Collect$$rtentry$$00000002)
    __rt_entry_sh                            0x08000169   Thumb Code     0  __rtentry4.o(.ARM.Collect$$rtentry$$00000004)
    __rt_entry_li                            0x0800016f   Thumb Code     0  __rtentry2.o(.ARM.Collect$$rtentry$$0000000A)
    __rt_entry_postsh_1                      0x0800016f   Thumb Code     0  __rtentry2.o(.ARM.Collect$$rtentry$$00000009)
    __rt_entry_main                          0x08000173   Thumb Code     0  __rtentry2.o(.ARM.Collect$$rtentry$$0000000D)
    __rt_entry_postli_1                      0x08000173   Thumb Code     0  __rtentry2.o(.ARM.Collect$$rtentry$$0000000C)
    __rt_exit                                0x0800017b   Thumb Code     0  rtexit.o(.ARM.Collect$$rtexit$$00000000)
    __rt_exit_ls                             0x0800017d   Thumb Code     0  rtexit2.o(.ARM.Collect$$rtexit$$00000003)
    __rt_exit_prels_1                        0x0800017d   Thumb Code     0  rtexit2.o(.ARM.Collect$$rtexit$$00000002)
    __rt_exit_exit                           0x08000181   Thumb Code     0  rtexit2.o(.ARM.Collect$$rtexit$$00000004)
    Reset_Handler                            0x08000189   Thumb Code     8  startup_stm32f10x_md.o(.text)
    ADC1_2_IRQHandler                        0x080001a3   Thumb Code     0  startup_stm32f10x_md.o(.text)
    CAN1_RX1_IRQHandler                      0x080001a3   Thumb Code     0  startup_stm32f10x_md.o(.text)
    CAN1_SCE_IRQHandler                      0x080001a3   Thumb Code     0  startup_stm32f10x_md.o(.text)
    DMA1_Channel1_IRQHandler                 0x080001a3   Thumb Code     0  startup_stm32f10x_md.o(.text)
    DMA1_Channel2_IRQHandler                 0x080001a3   Thumb Code     0  startup_stm32f10x_md.o(.text)
    DMA1_Channel3_IRQHandler                 0x080001a3   Thumb Code     0  startup_stm32f10x_md.o(.text)
    DMA1_Channel4_IRQHandler                 0x080001a3   Thumb Code     0  startup_stm32f10x_md.o(.text)
    DMA1_Channel5_IRQHandler                 0x080001a3   Thumb Code     0  startup_stm32f10x_md.o(.text)
    DMA1_Channel6_IRQHandler                 0x080001a3   Thumb Code     0  startup_stm32f10x_md.o(.text)
    DMA1_Channel7_IRQHandler                 0x080001a3   Thumb Code     0  startup_stm32f10x_md.o(.text)
    EXTI0_IRQHandler                         0x080001a3   Thumb Code     0  startup_stm32f10x_md.o(.text)
    EXTI15_10_IRQHandler                     0x080001a3   Thumb Code     0  startup_stm32f10x_md.o(.text)
    EXTI1_IRQHandler                         0x080001a3   Thumb Code     0  startup_stm32f10x_md.o(.text)
    EXTI2_IRQHandler                         0x080001a3   Thumb Code     0  startup_stm32f10x_md.o(.text)
    EXTI3_IRQHandler                         0x080001a3   Thumb Code     0  startup_stm32f10x_md.o(.text)
    EXTI4_IRQHandler                         0x080001a3   Thumb Code     0  startup_stm32f10x_md.o(.text)
    EXTI9_5_IRQHandler                       0x080001a3   Thumb Code     0  startup_stm32f10x_md.o(.text)
    FLASH_IRQHandler                         0x080001a3   Thumb Code     0  startup_stm32f10x_md.o(.text)
    I2C1_ER_IRQHandler                       0x080001a3   Thumb Code     0  startup_stm32f10x_md.o(.text)
    I2C1_EV_IRQHandler                       0x080001a3   Thumb Code     0  startup_stm32f10x_md.o(.text)
    I2C2_ER_IRQHandler                       0x080001a3   Thumb Code     0  startup_stm32f10x_md.o(.text)
    I2C2_EV_IRQHandler                       0x080001a3   Thumb Code     0  startup_stm32f10x_md.o(.text)
    PVD_IRQHandler                           0x080001a3   Thumb Code     0  startup_stm32f10x_md.o(.text)
    RCC_IRQHandler                           0x080001a3   Thumb Code     0  startup_stm32f10x_md.o(.text)
    RTCAlarm_IRQHandler                      0x080001a3   Thumb Code     0  startup_stm32f10x_md.o(.text)
    RTC_IRQHandler                           0x080001a3   Thumb Code     0  startup_stm32f10x_md.o(.text)
    SPI1_IRQHandler                          0x080001a3   Thumb Code     0  startup_stm32f10x_md.o(.text)
    SPI2_IRQHandler                          0x080001a3   Thumb Code     0  startup_stm32f10x_md.o(.text)
    TAMPER_IRQHandler                        0x080001a3   Thumb Code     0  startup_stm32f10x_md.o(.text)
    TIM1_BRK_IRQHandler                      0x080001a3   Thumb Code     0  startup_stm32f10x_md.o(.text)
    TIM1_CC_IRQHandler                       0x080001a3   Thumb Code     0  startup_stm32f10x_md.o(.text)
    TIM1_TRG_COM_IRQHandler                  0x080001a3   Thumb Code     0  startup_stm32f10x_md.o(.text)
    TIM1_UP_IRQHandler                       0x080001a3   Thumb Code     0  startup_stm32f10x_md.o(.text)
    TIM2_IRQHandler                          0x080001a3   Thumb Code     0  startup_stm32f10x_md.o(.text)
    TIM3_IRQHandler                          0x080001a3   Thumb Code     0  startup_stm32f10x_md.o(.text)
    TIM4_IRQHandler                          0x080001a3   Thumb Code     0  startup_stm32f10x_md.o(.text)
    USART2_IRQHandler                        0x080001a3   Thumb Code     0  startup_stm32f10x_md.o(.text)
    USART3_IRQHandler                        0x080001a3   Thumb Code     0  startup_stm32f10x_md.o(.text)
    USBWakeUp_IRQHandler                     0x080001a3   Thumb Code     0  startup_stm32f10x_md.o(.text)
    WWDG_IRQHandler                          0x080001a3   Thumb Code     0  startup_stm32f10x_md.o(.text)
    __user_initial_stackheap                 0x080001a5   Thumb Code     0  startup_stm32f10x_md.o(.text)
    __use_two_region_memory                  0x080001c9   Thumb Code     2  heapauxi.o(.text)
    __rt_heap_escrow$2region                 0x080001cb   Thumb Code     2  heapauxi.o(.text)
    __rt_heap_expand$2region                 0x080001cd   Thumb Code     2  heapauxi.o(.text)
    __user_setup_stackheap                   0x080001cf   Thumb Code    74  sys_stackheap_outer.o(.text)
    exit                                     0x08000219   Thumb Code    12  exit.o(.text)
    __user_libspace                          0x08000225   Thumb Code     8  libspace.o(.text)
    __user_perproc_libspace                  0x08000225   Thumb Code     0  libspace.o(.text)
    __user_perthread_libspace                0x08000225   Thumb Code     0  libspace.o(.text)
    _sys_exit                                0x0800022d   Thumb Code     8  sys_exit.o(.text)
    __I$use$semihosting                      0x08000239   Thumb Code     0  use_no_semi.o(.text)
    __use_no_semihosting_swi                 0x08000239   Thumb Code     2  use_no_semi.o(.text)
    BusFault_Handler                         0x0800023b   Thumb Code     4  stm32f10x_it.o(i.BusFault_Handler)
    __semihosting_library_function           0x0800023b   Thumb Code     0  indicate_semi.o(.text)
    CAN_ClearFlag                            0x08000241   Thumb Code    52  stm32f10x_can.o(i.CAN_ClearFlag)
    CAN_ClearITPendingBit                    0x08000279   Thumb Code   162  stm32f10x_can.o(i.CAN_ClearITPendingBit)
    CAN_DeInit                               0x08000321   Thumb Code    50  stm32f10x_can.o(i.CAN_DeInit)
    CAN_FIFORelease                          0x08000359   Thumb Code    22  stm32f10x_can.o(i.CAN_FIFORelease)
    CAN_FilterInit                           0x08000371   Thumb Code   258  stm32f10x_can.o(i.CAN_FilterInit)
    CAN_GetITStatus                          0x08000479   Thumb Code   284  stm32f10x_can.o(i.CAN_GetITStatus)
    CAN_ITConfig                             0x08000599   Thumb Code    18  stm32f10x_can.o(i.CAN_ITConfig)
    CAN_Init                                 0x080005ab   Thumb Code   276  stm32f10x_can.o(i.CAN_Init)
    CAN_MessagePending                       0x080006bf   Thumb Code    30  stm32f10x_can.o(i.CAN_MessagePending)
    CAN_Mode_Init                            0x080006dd   Thumb Code   286  can.o(i.CAN_Mode_Init)
    CAN_Receive                              0x08000805   Thumb Code   240  stm32f10x_can.o(i.CAN_Receive)
    CAN_StructInit                           0x080008f5   Thumb Code    32  stm32f10x_can.o(i.CAN_StructInit)
    CAN_Transmit                             0x08000915   Thumb Code   294  stm32f10x_can.o(i.CAN_Transmit)
    CanReceiveMsgProcess                     0x08000a3d   Thumb Code   144  can.o(i.CanReceiveMsgProcess)
    DMA_Cmd                                  0x08000ae7   Thumb Code    24  stm32f10x_dma.o(i.DMA_Cmd)
    DMA_DeInit                               0x08000b01   Thumb Code   324  stm32f10x_dma.o(i.DMA_DeInit)
    DMA_GetCurrDataCounter                   0x08000c4d   Thumb Code     8  stm32f10x_dma.o(i.DMA_GetCurrDataCounter)
    DMA_Init                                 0x08000c55   Thumb Code    60  stm32f10x_dma.o(i.DMA_Init)
    DMA_SetCurrDataCounter                   0x08000c91   Thumb Code     4  stm32f10x_dma.o(i.DMA_SetCurrDataCounter)
    DebugMon_Handler                         0x08000c95   Thumb Code     2  stm32f10x_it.o(i.DebugMon_Handler)
    GPIO_Init                                0x08000c97   Thumb Code   278  stm32f10x_gpio.o(i.GPIO_Init)
    GPIO_ResetBits                           0x08000dad   Thumb Code     4  stm32f10x_gpio.o(i.GPIO_ResetBits)
    GPIO_SetBits                             0x08000db1   Thumb Code     4  stm32f10x_gpio.o(i.GPIO_SetBits)
    HardFault_Handler                        0x08000db5   Thumb Code     4  stm32f10x_it.o(i.HardFault_Handler)
    LED_Init                                 0x08000db9   Thumb Code    72  led.o(i.LED_Init)
    MemManage_Handler                        0x08000e09   Thumb Code     4  stm32f10x_it.o(i.MemManage_Handler)
    NMI_Handler                              0x08000e0d   Thumb Code     2  stm32f10x_it.o(i.NMI_Handler)
    NVIC_Init                                0x08000e11   Thumb Code   100  misc.o(i.NVIC_Init)
    NVIC_PriorityGroupConfig                 0x08000e81   Thumb Code    10  misc.o(i.NVIC_PriorityGroupConfig)
    PID_struct_init                          0x08000e95   Thumb Code    50  pid.o(i.PID_struct_init)
    PendSV_Handler                           0x08000ed1   Thumb Code     2  stm32f10x_it.o(i.PendSV_Handler)
    RCC_AHBPeriphClockCmd                    0x08000ed5   Thumb Code    26  stm32f10x_rcc.o(i.RCC_AHBPeriphClockCmd)
    RCC_APB1PeriphClockCmd                   0x08000ef5   Thumb Code    26  stm32f10x_rcc.o(i.RCC_APB1PeriphClockCmd)
    RCC_APB1PeriphResetCmd                   0x08000f15   Thumb Code    26  stm32f10x_rcc.o(i.RCC_APB1PeriphResetCmd)
    RCC_APB2PeriphClockCmd                   0x08000f35   Thumb Code    26  stm32f10x_rcc.o(i.RCC_APB2PeriphClockCmd)
    RCC_GetClocksFreq                        0x08000f55   Thumb Code   192  stm32f10x_rcc.o(i.RCC_GetClocksFreq)
    RemoteDataPrcess                         0x08001029   Thumb Code   156  usart.o(i.RemoteDataPrcess)
    SVC_Handler                              0x080010c9   Thumb Code     2  stm32f10x_it.o(i.SVC_Handler)
    Set_CM_Speed                             0x080011b5   Thumb Code    92  can.o(i.Set_CM_Speed)
    SysTick_CLKSourceConfig                  0x08001211   Thumb Code    40  misc.o(i.SysTick_CLKSourceConfig)
    SysTick_Handler                          0x08001239   Thumb Code     2  stm32f10x_it.o(i.SysTick_Handler)
    SystemInit                               0x0800123d   Thumb Code    78  system_stm32f10x.o(i.SystemInit)
    TIM2_PWM_Init                            0x0800129d   Thumb Code   200  timer.o(i.TIM2_PWM_Init)
    TIM_ARRPreloadConfig                     0x08001369   Thumb Code    24  stm32f10x_tim.o(i.TIM_ARRPreloadConfig)
    TIM_Cmd                                  0x08001381   Thumb Code    24  stm32f10x_tim.o(i.TIM_Cmd)
    TIM_CtrlPWMOutputs                       0x08001399   Thumb Code    30  stm32f10x_tim.o(i.TIM_CtrlPWMOutputs)
    TIM_OC2Init                              0x080013b9   Thumb Code   154  stm32f10x_tim.o(i.TIM_OC2Init)
    TIM_OC3Init                              0x0800145d   Thumb Code   150  stm32f10x_tim.o(i.TIM_OC3Init)
    TIM_OC4Init                              0x080014fd   Thumb Code   114  stm32f10x_tim.o(i.TIM_OC4Init)
    TIM_TimeBaseInit                         0x08001579   Thumb Code   122  stm32f10x_tim.o(i.TIM_TimeBaseInit)
    USART1_DMA_RX                            0x0800161d   Thumb Code    92  dma.o(i.USART1_DMA_RX)
    USART1_IRQHandler                        0x08001685   Thumb Code    94  usart.o(i.USART1_IRQHandler)
    USART_ClearFlag                          0x080016f5   Thumb Code    18  stm32f10x_usart.o(i.USART_ClearFlag)
    USART_Cmd                                0x08001707   Thumb Code    24  stm32f10x_usart.o(i.USART_Cmd)
    USART_DMACmd                             0x0800171f   Thumb Code    18  stm32f10x_usart.o(i.USART_DMACmd)
    USART_GetITStatus                        0x08001731   Thumb Code    84  stm32f10x_usart.o(i.USART_GetITStatus)
    USART_ITConfig                           0x08001785   Thumb Code    74  stm32f10x_usart.o(i.USART_ITConfig)
    USART_Init                               0x080017d1   Thumb Code   210  stm32f10x_usart.o(i.USART_Init)
    USART_ReceiveData                        0x080018a9   Thumb Code    10  stm32f10x_usart.o(i.USART_ReceiveData)
    USB_HP_CAN1_TX_IRQHandler                0x080018b5   Thumb Code    22  can.o(i.USB_HP_CAN1_TX_IRQHandler)
    USB_LP_CAN1_RX0_IRQHandler               0x080018d1   Thumb Code    66  can.o(i.USB_LP_CAN1_RX0_IRQHandler)
    UsageFault_Handler                       0x08001921   Thumb Code     4  stm32f10x_it.o(i.UsageFault_Handler)
    abs_limit                                0x08001925   Thumb Code    40  pid.o(i.abs_limit)
    chassis_pid_param_init                   0x0800194d   Thumb Code    96  main.o(i.chassis_pid_param_init)
    delay_init                               0x080019b9   Thumb Code    50  delay.o(i.delay_init)
    delay_ms                                 0x080019fd   Thumb Code    72  delay.o(i.delay_ms)
    get_moto_measure                         0x08001a49   Thumb Code   128  can.o(i.get_moto_measure)
    get_moto_offset                          0x08001ac9   Thumb Code    16  can.o(i.get_moto_offset)
    main                                     0x08001ad9   Thumb Code   358  main.o(i.main)
    pid_calc                                 0x08001c71   Thumb Code   402  pid.o(i.pid_calc)
    uart_init                                0x08001e21   Thumb Code   136  usart.o(i.uart_init)
    __aeabi_fadd                             0x08001eb1   Thumb Code     0  faddsub_clz.o(x$fpl$fadd)
    _fadd                                    0x08001eb1   Thumb Code   196  faddsub_clz.o(x$fpl$fadd)
    __fpl_fcmp_Inf                           0x08001f75   Thumb Code    24  fcmpi.o(x$fpl$fcmpinf)
    __aeabi_cfcmpeq                          0x08001f8d   Thumb Code     0  feqf.o(x$fpl$feqf)
    _fcmpeq                                  0x08001f8d   Thumb Code   104  feqf.o(x$fpl$feqf)
    __aeabi_f2iz                             0x08001ff5   Thumb Code     0  ffix.o(x$fpl$ffix)
    _ffix                                    0x08001ff5   Thumb Code    54  ffix.o(x$fpl$ffix)
    __aeabi_i2f                              0x0800202d   Thumb Code     0  fflt_clz.o(x$fpl$fflt)
    _fflt                                    0x0800202d   Thumb Code    48  fflt_clz.o(x$fpl$fflt)
    __aeabi_ui2f                             0x0800205d   Thumb Code     0  fflt_clz.o(x$fpl$ffltu)
    _ffltu                                   0x0800205d   Thumb Code    38  fflt_clz.o(x$fpl$ffltu)
    __aeabi_cfcmple                          0x08002085   Thumb Code     0  fleqf.o(x$fpl$fleqf)
    _fcmple                                  0x08002085   Thumb Code   104  fleqf.o(x$fpl$fleqf)
    __fpl_fcmple_InfNaN                      0x080020d7   Thumb Code     0  fleqf.o(x$fpl$fleqf)
    __aeabi_fmul                             0x080020ed   Thumb Code     0  fmul.o(x$fpl$fmul)
    _fmul                                    0x080020ed   Thumb Code   258  fmul.o(x$fpl$fmul)
    __fpl_fnaninf                            0x080021ef   Thumb Code   140  fnaninf.o(x$fpl$fnaninf)
    __fpl_fretinf                            0x0800227b   Thumb Code    10  fretinf.o(x$fpl$fretinf)
    __aeabi_cfrcmple                         0x08002285   Thumb Code     0  frleqf.o(x$fpl$frleqf)
    _frcmple                                 0x08002285   Thumb Code    98  frleqf.o(x$fpl$frleqf)
    __aeabi_frsub                            0x080022e7   Thumb Code     0  faddsub_clz.o(x$fpl$frsb)
    _frsb                                    0x080022e7   Thumb Code    20  faddsub_clz.o(x$fpl$frsb)
    __aeabi_fsub                             0x080022fd   Thumb Code     0  faddsub_clz.o(x$fpl$fsub)
    _fsub                                    0x080022fd   Thumb Code   234  faddsub_clz.o(x$fpl$fsub)
    __I$use$fp                               0x080023e6   Number         0  usenofp.o(x$fpl$usenofp)
    Region$$Table$$Base                      0x080023e8   Number         0  anon$$obj.o(Region$$Table)
    Region$$Table$$Limit                     0x08002408   Number         0  anon$$obj.o(Region$$Table)
    speed_ref                                0x20000020   Data           4  main.o(.data)
    current_out                              0x20000024   Data           4  main.o(.data)
    i                                        0x20000028   Data           4  main.o(.data)
    led_flag                                 0x2000002c   Data           4  main.o(.data)
    buff_3510iq                              0x20000030   Data           8  main.o(.data)
    posloop_out                              0x20000038   Data           8  main.o(.data)
    pos_ref                                  0x20000040   Data           8  main.o(.data)
    SystemCoreClock                          0x20000048   Data           4  system_stm32f10x.o(.data)
    AHBPrescTable                            0x2000004c   Data          16  system_stm32f10x.o(.data)
    moto_chassis                             0x2000005c   Data         112  can.o(.bss)
    RxMessage                                0x200000cc   Data          20  can.o(.bss)
    Uart1_RX                                 0x200000fe   Data          30  usart.o(.bss)
    RC_CtrlData                              0x2000011c   Data          22  usart.o(.bss)
    pid_pos                                  0x20000134   Data         432  pid.o(.bss)
    pid_spd                                  0x200002e4   Data         432  pid.o(.bss)
    __libspace_start                         0x20000494   Data          96  libspace.o(.bss)
    __temporary_stack_top$libspace           0x200004f4   Data           0  libspace.o(.bss)



==============================================================================

Memory Map of the image

  Image Entry point : 0x080000ed

  Load Region LR_IROM1 (Base: 0x08000000, Size: 0x00002464, Max: 0x00020000, ABSOLUTE)

    Execution Region ER_IROM1 (Base: 0x08000000, Size: 0x00002408, Max: 0x00020000, ABSOLUTE)

    Base Addr    Size         Type   Attr      Idx    E Section Name        Object

    0x08000000   0x000000ec   Data   RO         1528    RESET               startup_stm32f10x_md.o
    0x080000ec   0x00000008   Code   RO         1824  * !!!main             c_w.l(__main.o)
    0x080000f4   0x00000034   Code   RO         2011    !!!scatter          c_w.l(__scatter.o)
    0x08000128   0x0000001a   Code   RO         2013    !!handler_copy      c_w.l(__scatter_copy.o)
    0x08000142   0x00000002   PAD
    0x08000144   0x0000001c   Code   RO         2015    !!handler_zi        c_w.l(__scatter_zi.o)
    0x08000160   0x00000002   Code   RO         1882    .ARM.Collect$$libinit$$00000000  c_w.l(libinit.o)
    0x08000162   0x00000000   Code   RO         1889    .ARM.Collect$$libinit$$00000002  c_w.l(libinit2.o)
    0x08000162   0x00000000   Code   RO         1891    .ARM.Collect$$libinit$$00000004  c_w.l(libinit2.o)
    0x08000162   0x00000000   Code   RO         1894    .ARM.Collect$$libinit$$0000000A  c_w.l(libinit2.o)
    0x08000162   0x00000000   Code   RO         1896    .ARM.Collect$$libinit$$0000000C  c_w.l(libinit2.o)
    0x08000162   0x00000000   Code   RO         1898    .ARM.Collect$$libinit$$0000000E  c_w.l(libinit2.o)
    0x08000162   0x00000000   Code   RO         1901    .ARM.Collect$$libinit$$00000011  c_w.l(libinit2.o)
    0x08000162   0x00000000   Code   RO         1903    .ARM.Collect$$libinit$$00000013  c_w.l(libinit2.o)
    0x08000162   0x00000000   Code   RO         1905    .ARM.Collect$$libinit$$00000015  c_w.l(libinit2.o)
    0x08000162   0x00000000   Code   RO         1907    .ARM.Collect$$libinit$$00000017  c_w.l(libinit2.o)
    0x08000162   0x00000000   Code   RO         1909    .ARM.Collect$$libinit$$00000019  c_w.l(libinit2.o)
    0x08000162   0x00000000   Code   RO         1911    .ARM.Collect$$libinit$$0000001B  c_w.l(libinit2.o)
    0x08000162   0x00000000   Code   RO         1913    .ARM.Collect$$libinit$$0000001D  c_w.l(libinit2.o)
    0x08000162   0x00000000   Code   RO         1915    .ARM.Collect$$libinit$$0000001F  c_w.l(libinit2.o)
    0x08000162   0x00000000   Code   RO         1917    .ARM.Collect$$libinit$$00000021  c_w.l(libinit2.o)
    0x08000162   0x00000000   Code   RO         1919    .ARM.Collect$$libinit$$00000023  c_w.l(libinit2.o)
    0x08000162   0x00000000   Code   RO         1921    .ARM.Collect$$libinit$$00000025  c_w.l(libinit2.o)
    0x08000162   0x00000000   Code   RO         1925    .ARM.Collect$$libinit$$0000002C  c_w.l(libinit2.o)
    0x08000162   0x00000000   Code   RO         1927    .ARM.Collect$$libinit$$0000002E  c_w.l(libinit2.o)
    0x08000162   0x00000000   Code   RO         1929    .ARM.Collect$$libinit$$00000030  c_w.l(libinit2.o)
    0x08000162   0x00000000   Code   RO         1931    .ARM.Collect$$libinit$$00000032  c_w.l(libinit2.o)
    0x08000162   0x00000002   Code   RO         1932    .ARM.Collect$$libinit$$00000033  c_w.l(libinit2.o)
    0x08000164   0x00000002   Code   RO         1952    .ARM.Collect$$libshutdown$$00000000  c_w.l(libshutdown.o)
    0x08000166   0x00000000   Code   RO         1966    .ARM.Collect$$libshutdown$$00000003  c_w.l(libshutdown2.o)
    0x08000166   0x00000000   Code   RO         1969    .ARM.Collect$$libshutdown$$00000006  c_w.l(libshutdown2.o)
    0x08000166   0x00000000   Code   RO         1972    .ARM.Collect$$libshutdown$$00000009  c_w.l(libshutdown2.o)
    0x08000166   0x00000000   Code   RO         1974    .ARM.Collect$$libshutdown$$0000000B  c_w.l(libshutdown2.o)
    0x08000166   0x00000000   Code   RO         1977    .ARM.Collect$$libshutdown$$0000000E  c_w.l(libshutdown2.o)
    0x08000166   0x00000002   Code   RO         1978    .ARM.Collect$$libshutdown$$0000000F  c_w.l(libshutdown2.o)
    0x08000168   0x00000000   Code   RO         1850    .ARM.Collect$$rtentry$$00000000  c_w.l(__rtentry.o)
    0x08000168   0x00000000   Code   RO         1859    .ARM.Collect$$rtentry$$00000002  c_w.l(__rtentry2.o)
    0x08000168   0x00000006   Code   RO         1871    .ARM.Collect$$rtentry$$00000004  c_w.l(__rtentry4.o)
    0x0800016e   0x00000000   Code   RO         1861    .ARM.Collect$$rtentry$$00000009  c_w.l(__rtentry2.o)
    0x0800016e   0x00000004   Code   RO         1862    .ARM.Collect$$rtentry$$0000000A  c_w.l(__rtentry2.o)
    0x08000172   0x00000000   Code   RO         1864    .ARM.Collect$$rtentry$$0000000C  c_w.l(__rtentry2.o)
    0x08000172   0x00000008   Code   RO         1865    .ARM.Collect$$rtentry$$0000000D  c_w.l(__rtentry2.o)
    0x0800017a   0x00000002   Code   RO         1886    .ARM.Collect$$rtexit$$00000000  c_w.l(rtexit.o)
    0x0800017c   0x00000000   Code   RO         1934    .ARM.Collect$$rtexit$$00000002  c_w.l(rtexit2.o)
    0x0800017c   0x00000004   Code   RO         1935    .ARM.Collect$$rtexit$$00000003  c_w.l(rtexit2.o)
    0x08000180   0x00000006   Code   RO         1936    .ARM.Collect$$rtexit$$00000004  c_w.l(rtexit2.o)
    0x08000186   0x00000002   PAD
    0x08000188   0x00000040   Code   RO         1529    .text               startup_stm32f10x_md.o
    0x080001c8   0x00000006   Code   RO         1822    .text               c_w.l(heapauxi.o)
    0x080001ce   0x0000004a   Code   RO         1873    .text               c_w.l(sys_stackheap_outer.o)
    0x08000218   0x0000000c   Code   RO         1875    .text               c_w.l(exit.o)
    0x08000224   0x00000008   Code   RO         1883    .text               c_w.l(libspace.o)
    0x0800022c   0x0000000c   Code   RO         1944    .text               c_w.l(sys_exit.o)
    0x08000238   0x00000002   Code   RO         1955    .text               c_w.l(use_no_semi.o)
    0x0800023a   0x00000000   Code   RO         1957    .text               c_w.l(indicate_semi.o)
    0x0800023a   0x00000004   Code   RO         1652    i.BusFault_Handler  stm32f10x_it.o
    0x0800023e   0x00000002   PAD
    0x08000240   0x00000038   Code   RO         1240    i.CAN_ClearFlag     stm32f10x_can.o
    0x08000278   0x000000a8   Code   RO         1241    i.CAN_ClearITPendingBit  stm32f10x_can.o
    0x08000320   0x00000038   Code   RO         1243    i.CAN_DeInit        stm32f10x_can.o
    0x08000358   0x00000016   Code   RO         1244    i.CAN_FIFORelease   stm32f10x_can.o
    0x0800036e   0x00000002   PAD
    0x08000370   0x00000108   Code   RO         1245    i.CAN_FilterInit    stm32f10x_can.o
    0x08000478   0x00000120   Code   RO         1247    i.CAN_GetITStatus   stm32f10x_can.o
    0x08000598   0x00000012   Code   RO         1251    i.CAN_ITConfig      stm32f10x_can.o
    0x080005aa   0x00000114   Code   RO         1252    i.CAN_Init          stm32f10x_can.o
    0x080006be   0x0000001e   Code   RO         1253    i.CAN_MessagePending  stm32f10x_can.o
    0x080006dc   0x00000128   Code   RO         1454    i.CAN_Mode_Init     can.o
    0x08000804   0x000000f0   Code   RO         1255    i.CAN_Receive       stm32f10x_can.o
    0x080008f4   0x00000020   Code   RO         1258    i.CAN_StructInit    stm32f10x_can.o
    0x08000914   0x00000126   Code   RO         1260    i.CAN_Transmit      stm32f10x_can.o
    0x08000a3a   0x00000002   PAD
    0x08000a3c   0x00000098   Code   RO         1455    i.CanReceiveMsgProcess  can.o
    0x08000ad4   0x00000012   Code   RO         1263    i.CheckITStatus     stm32f10x_can.o
    0x08000ae6   0x00000018   Code   RO          127    i.DMA_Cmd           stm32f10x_dma.o
    0x08000afe   0x00000002   PAD
    0x08000b00   0x0000014c   Code   RO          128    i.DMA_DeInit        stm32f10x_dma.o
    0x08000c4c   0x00000008   Code   RO          129    i.DMA_GetCurrDataCounter  stm32f10x_dma.o
    0x08000c54   0x0000003c   Code   RO          133    i.DMA_Init          stm32f10x_dma.o
    0x08000c90   0x00000004   Code   RO          134    i.DMA_SetCurrDataCounter  stm32f10x_dma.o
    0x08000c94   0x00000002   Code   RO         1653    i.DebugMon_Handler  stm32f10x_it.o
    0x08000c96   0x00000116   Code   RO          203    i.GPIO_Init         stm32f10x_gpio.o
    0x08000dac   0x00000004   Code   RO          210    i.GPIO_ResetBits    stm32f10x_gpio.o
    0x08000db0   0x00000004   Code   RO          211    i.GPIO_SetBits      stm32f10x_gpio.o
    0x08000db4   0x00000004   Code   RO         1654    i.HardFault_Handler  stm32f10x_it.o
    0x08000db8   0x00000050   Code   RO         1422    i.LED_Init          led.o
    0x08000e08   0x00000004   Code   RO         1655    i.MemManage_Handler  stm32f10x_it.o
    0x08000e0c   0x00000002   Code   RO         1656    i.NMI_Handler       stm32f10x_it.o
    0x08000e0e   0x00000002   PAD
    0x08000e10   0x00000070   Code   RO            1    i.NVIC_Init         misc.o
    0x08000e80   0x00000014   Code   RO            2    i.NVIC_PriorityGroupConfig  misc.o
    0x08000e94   0x0000003c   Code   RO         1775    i.PID_struct_init   pid.o
    0x08000ed0   0x00000002   Code   RO         1657    i.PendSV_Handler    stm32f10x_it.o
    0x08000ed2   0x00000002   PAD
    0x08000ed4   0x00000020   Code   RO         1040    i.RCC_AHBPeriphClockCmd  stm32f10x_rcc.o
    0x08000ef4   0x00000020   Code   RO         1041    i.RCC_APB1PeriphClockCmd  stm32f10x_rcc.o
    0x08000f14   0x00000020   Code   RO         1042    i.RCC_APB1PeriphResetCmd  stm32f10x_rcc.o
    0x08000f34   0x00000020   Code   RO         1043    i.RCC_APB2PeriphClockCmd  stm32f10x_rcc.o
    0x08000f54   0x000000d4   Code   RO         1051    i.RCC_GetClocksFreq  stm32f10x_rcc.o
    0x08001028   0x000000a0   Code   RO         1590    i.RemoteDataPrcess  usart.o
    0x080010c8   0x00000002   Code   RO         1658    i.SVC_Handler       stm32f10x_it.o
    0x080010ca   0x00000008   Code   RO         1741    i.SetSysClock       system_stm32f10x.o
    0x080010d2   0x00000002   PAD
    0x080010d4   0x000000e0   Code   RO         1742    i.SetSysClockTo72   system_stm32f10x.o
    0x080011b4   0x0000005c   Code   RO         1457    i.Set_CM_Speed      can.o
    0x08001210   0x00000028   Code   RO            5    i.SysTick_CLKSourceConfig  misc.o
    0x08001238   0x00000002   Code   RO         1659    i.SysTick_Handler   stm32f10x_it.o
    0x0800123a   0x00000002   PAD
    0x0800123c   0x00000060   Code   RO         1744    i.SystemInit        system_stm32f10x.o
    0x0800129c   0x000000cc   Code   RO         1437    i.TIM2_PWM_Init     timer.o
    0x08001368   0x00000018   Code   RO          315    i.TIM_ARRPreloadConfig  stm32f10x_tim.o
    0x08001380   0x00000018   Code   RO          327    i.TIM_Cmd           stm32f10x_tim.o
    0x08001398   0x0000001e   Code   RO          329    i.TIM_CtrlPWMOutputs  stm32f10x_tim.o
    0x080013b6   0x00000002   PAD
    0x080013b8   0x000000a4   Code   RO          361    i.TIM_OC2Init       stm32f10x_tim.o
    0x0800145c   0x000000a0   Code   RO          366    i.TIM_OC3Init       stm32f10x_tim.o
    0x080014fc   0x0000007c   Code   RO          371    i.TIM_OC4Init       stm32f10x_tim.o
    0x08001578   0x000000a4   Code   RO          398    i.TIM_TimeBaseInit  stm32f10x_tim.o
    0x0800161c   0x00000068   Code   RO         1394    i.USART1_DMA_RX     dma.o
    0x08001684   0x00000070   Code   RO         1591    i.USART1_IRQHandler  usart.o
    0x080016f4   0x00000012   Code   RO          859    i.USART_ClearFlag   stm32f10x_usart.o
    0x08001706   0x00000018   Code   RO          863    i.USART_Cmd         stm32f10x_usart.o
    0x0800171e   0x00000012   Code   RO          864    i.USART_DMACmd      stm32f10x_usart.o
    0x08001730   0x00000054   Code   RO          867    i.USART_GetITStatus  stm32f10x_usart.o
    0x08001784   0x0000004a   Code   RO          869    i.USART_ITConfig    stm32f10x_usart.o
    0x080017ce   0x00000002   PAD
    0x080017d0   0x000000d8   Code   RO          870    i.USART_Init        stm32f10x_usart.o
    0x080018a8   0x0000000a   Code   RO          877    i.USART_ReceiveData  stm32f10x_usart.o
    0x080018b2   0x00000002   PAD
    0x080018b4   0x0000001c   Code   RO         1458    i.USB_HP_CAN1_TX_IRQHandler  can.o
    0x080018d0   0x00000050   Code   RO         1459    i.USB_LP_CAN1_RX0_IRQHandler  can.o
    0x08001920   0x00000004   Code   RO         1660    i.UsageFault_Handler  stm32f10x_it.o
    0x08001924   0x00000028   Code   RO         1776    i.abs_limit         pid.o
    0x0800194c   0x0000006c   Code   RO         1622    i.chassis_pid_param_init  main.o
    0x080019b8   0x00000044   Code   RO         1533    i.delay_init        delay.o
    0x080019fc   0x0000004c   Code   RO         1534    i.delay_ms          delay.o
    0x08001a48   0x00000080   Code   RO         1460    i.get_moto_measure  can.o
    0x08001ac8   0x00000010   Code   RO         1461    i.get_moto_offset   can.o
    0x08001ad8   0x00000198   Code   RO         1623    i.main              main.o
    0x08001c70   0x00000192   Code   RO         1777    i.pid_calc          pid.o
    0x08001e02   0x00000014   Code   RO         1778    i.pid_param_init    pid.o
    0x08001e16   0x00000008   Code   RO         1779    i.pid_reset         pid.o
    0x08001e1e   0x00000002   PAD
    0x08001e20   0x00000090   Code   RO         1592    i.uart_init         usart.o
    0x08001eb0   0x000000c4   Code   RO         1826    x$fpl$fadd          fz_ws.l(faddsub_clz.o)
    0x08001f74   0x00000018   Code   RO         1851    x$fpl$fcmpinf       fz_ws.l(fcmpi.o)
    0x08001f8c   0x00000068   Code   RO         1832    x$fpl$feqf          fz_ws.l(feqf.o)
    0x08001ff4   0x00000036   Code   RO         1834    x$fpl$ffix          fz_ws.l(ffix.o)
    0x0800202a   0x00000002   PAD
    0x0800202c   0x00000030   Code   RO         1839    x$fpl$fflt          fz_ws.l(fflt_clz.o)
    0x0800205c   0x00000026   Code   RO         1838    x$fpl$ffltu         fz_ws.l(fflt_clz.o)
    0x08002082   0x00000002   PAD
    0x08002084   0x00000068   Code   RO         1844    x$fpl$fleqf         fz_ws.l(fleqf.o)
    0x080020ec   0x00000102   Code   RO         1846    x$fpl$fmul          fz_ws.l(fmul.o)
    0x080021ee   0x0000008c   Code   RO         1853    x$fpl$fnaninf       fz_ws.l(fnaninf.o)
    0x0800227a   0x0000000a   Code   RO         1855    x$fpl$fretinf       fz_ws.l(fretinf.o)
    0x08002284   0x00000062   Code   RO         1848    x$fpl$frleqf        fz_ws.l(frleqf.o)
    0x080022e6   0x00000014   Code   RO         1827    x$fpl$frsb          fz_ws.l(faddsub_clz.o)
    0x080022fa   0x00000002   PAD
    0x080022fc   0x000000ea   Code   RO         1828    x$fpl$fsub          fz_ws.l(faddsub_clz.o)
    0x080023e6   0x00000000   Code   RO         1857    x$fpl$usenofp       fz_ws.l(usenofp.o)
    0x080023e6   0x00000002   PAD
    0x080023e8   0x00000020   Data   RO         2009    Region$$Table       anon$$obj.o


    Execution Region RW_IRAM1 (Base: 0x20000000, Size: 0x00000af8, Max: 0x00005000, ABSOLUTE)

    Base Addr    Size         Type   Attr      Idx    E Section Name        Object

    0x20000000   0x00000014   Data   RW         1071    .data               stm32f10x_rcc.o
    0x20000014   0x00000001   Data   RW         1463    .data               can.o
    0x20000015   0x00000001   PAD
    0x20000016   0x00000004   Data   RW         1536    .data               delay.o
    0x2000001a   0x00000002   PAD
    0x2000001c   0x00000004   Data   RW         1594    .data               usart.o
    0x20000020   0x00000028   Data   RW         1625    .data               main.o
    0x20000048   0x00000014   Data   RW         1745    .data               system_stm32f10x.o
    0x2000005c   0x00000084   Zero   RW         1462    .bss                can.o
    0x200000e0   0x00000052   Zero   RW         1593    .bss                usart.o
    0x20000132   0x00000002   PAD
    0x20000134   0x00000360   Zero   RW         1780    .bss                pid.o
    0x20000494   0x00000060   Zero   RW         1884    .bss                c_w.l(libspace.o)
    0x200004f4   0x00000004   PAD
    0x200004f8   0x00000200   Zero   RW         1527    HEAP                startup_stm32f10x_md.o
    0x200006f8   0x00000400   Zero   RW         1526    STACK               startup_stm32f10x_md.o


==============================================================================

Image component sizes


      Code (inc. data)   RO Data    RW Data    ZI Data      Debug   Object Name

       792         38          0          1        132       6001   can.o
         0          0          0          0          0         32   core_cm3.o
       144         22          0          4          0       1196   delay.o
       104         12          0          0          0       1481   dma.o
        80          8          0          0          0        499   led.o
       516         62          0         40          0       3264   main.o
       172         22          0          0          0     271613   misc.o
       530         10          0          0        864       4797   pid.o
        64         26        236          0       1536        808   startup_stm32f10x_md.o
      1762         26          0          0          0       9215   stm32f10x_can.o
       428          8          0          0          0       4552   stm32f10x_dma.o
       286          0          0          0          0       3040   stm32f10x_gpio.o
        26          0          0          0          0       3738   stm32f10x_it.o
       340         44          0         20          0       5595   stm32f10x_rcc.o
       690         72          0          0          0       4987   stm32f10x_tim.o
       444          6          0          0          0       6131   stm32f10x_usart.o
       328         28          0         20          0       2105   system_stm32f10x.o
       204          4          0          0          0        768   timer.o
       416         30          0          4         82       3282   usart.o

    ----------------------------------------------------------------------
      7350        418        268         92       2616     333104   Object Totals
         0          0         32          0          0          0   (incl. Generated)
        24          0          0          3          2          0   (incl. Padding)

    ----------------------------------------------------------------------

      Code (inc. data)   RO Data    RW Data    ZI Data      Debug   Library Member Name

         8          0          0          0          0         68   __main.o
         0          0          0          0          0          0   __rtentry.o
        12          0          0          0          0          0   __rtentry2.o
         6          0          0          0          0          0   __rtentry4.o
        52          8          0          0          0          0   __scatter.o
        26          0          0          0          0          0   __scatter_copy.o
        28          0          0          0          0          0   __scatter_zi.o
        12          0          0          0          0         72   exit.o
         6          0          0          0          0        152   heapauxi.o
         0          0          0          0          0          0   indicate_semi.o
         2          0          0          0          0          0   libinit.o
         2          0          0          0          0          0   libinit2.o
         2          0          0          0          0          0   libshutdown.o
         2          0          0          0          0          0   libshutdown2.o
         8          4          0          0         96         68   libspace.o
         2          0          0          0          0          0   rtexit.o
        10          0          0          0          0          0   rtexit2.o
        12          4          0          0          0         68   sys_exit.o
        74          0          0          0          0         80   sys_stackheap_outer.o
         2          0          0          0          0         68   use_no_semi.o
       450          8          0          0          0        236   faddsub_clz.o
        24          0          0          0          0         68   fcmpi.o
       104          4          0          0          0         84   feqf.o
        54          4          0          0          0         84   ffix.o
        86          0          0          0          0        136   fflt_clz.o
       104          4          0          0          0         84   fleqf.o
       258          4          0          0          0         84   fmul.o
       140          4          0          0          0         84   fnaninf.o
        10          0          0          0          0         68   fretinf.o
        98          0          0          0          0         68   frleqf.o
         0          0          0          0          0          0   usenofp.o

    ----------------------------------------------------------------------
      1606         44          0          0        100       1572   Library Totals
        12          0          0          0          4          0   (incl. Padding)

    ----------------------------------------------------------------------

      Code (inc. data)   RO Data    RW Data    ZI Data      Debug   Library Name

       266         16          0          0         96        576   c_w.l
      1328         28          0          0          0        996   fz_ws.l

    ----------------------------------------------------------------------
      1606         44          0          0        100       1572   Library Totals

    ----------------------------------------------------------------------

==============================================================================


      Code (inc. data)   RO Data    RW Data    ZI Data      Debug   

      8956        462        268         92       2716     330044   Grand Totals
      8956        462        268         92       2716     330044   ELF Image Totals
      8956        462        268         92          0          0   ROM Totals

==============================================================================

    Total RO  Size (Code + RO Data)                 9224 (   9.01kB)
    Total RW  Size (RW Data + ZI Data)              2808 (   2.74kB)
    Total ROM Size (Code + RO Data + RW Data)       9316 (   9.10kB)

==============================================================================

